#
# A fatal error has been detected by the Java Runtime Environment:
#
#  EXCEPTION_ACCESS_VIOLATION (0xc0000005) at pc=0x00007ffb29d52194, pid=3116, tid=5968
#
# JRE version: Java(TM) SE Runtime Environment (25.0+37) (build 25+37-LTS-3491)
# Java VM: Java HotSpot(TM) 64-Bit Server VM (25+37-LTS-3491, mixed mode, sharing, tiered, compressed oops, compressed class ptrs, g1 gc, windows-amd64)
# Problematic frame:
# C  [imgui-java64.dll+0x72194]
#
# No core dump will be written. Minidumps are not enabled by default on client versions of Windows
#
# If you would like to submit a bug report, please visit:
#   https://bugreport.java.com/bugreport/crash.jsp
# The crash happened outside the Java Virtual Machine in native code.
# See problematic frame for where to report the bug.
#

---------------  S U M M A R Y ------------

Command Line: --enable-native-access=org.lwjgl,org.lwjgl.opengl,org.lwjgl.stb,imgui.binding --sun-misc-unsafe-memory-access=allow -Djava.library.path=C:\Users\mts18\lwjgl-3.3.6\native;C:\Users\mts18\imgui-java\native -Dfile.encoding=UTF-8 -Dstdout.encoding=UTF-8 -Dstderr.encoding=UTF-8 --module-path=C:\Users\mts18\git\repository\graphics3d\bin;C:\Users\mts18\lwjgl-3.3.6\library\lwjgl.jar;C:\Users\mts18\lwjgl-3.3.6\library\lwjgl-assimp.jar;C:\Users\mts18\lwjgl-3.3.6\library\lwjgl-assimp-natives-windows.jar;C:\Users\mts18\lwjgl-3.3.6\library\lwjgl-bgfx.jar;C:\Users\mts18\lwjgl-3.3.6\library\lwjgl-bgfx-natives-windows.jar;C:\Users\mts18\lwjgl-3.3.6\library\lwjgl-cuda.jar;C:\Users\mts18\lwjgl-3.3.6\library\lwjgl-egl.jar;C:\Users\mts18\lwjgl-3.3.6\library\lwjgl-fmod.jar;C:\Users\mts18\lwjgl-3.3.6\library\lwjgl-freetype.jar;C:\Users\mts18\lwjgl-3.3.6\library\lwjgl-freetype-natives-windows.jar;C:\Users\mts18\lwjgl-3.3.6\library\lwjgl-glfw.jar;C:\Users\mts18\lwjgl-3.3.6\library\lwjgl-glfw-natives-windows.jar;C:\Users\mts18\lwjgl-3.3.6\library\lwjgl-harfbuzz.jar;C:\Users\mts18\lwjgl-3.3.6\library\lwjgl-harfbuzz-natives-windows.jar;C:\Users\mts18\lwjgl-3.3.6\library\lwjgl-hwloc.jar;C:\Users\mts18\lwjgl-3.3.6\library\lwjgl-hwloc-natives-windows.jar;C:\Users\mts18\lwjgl-3.3.6\library\lwjgl-jawt.jar;C:\Users\mts18\lwjgl-3.3.6\library\lwjgl-jemalloc.jar;C:\Users\mts18\lwjgl-3.3.6\library\lwjgl-jemalloc-natives-windows.jar;C:\Users\mts18\lwjgl-3.3.6\library\lwjgl-ktx.jar;C:\Users\mts18\lwjgl-3.3.6\library\lwjgl-ktx-natives-windows.jar;C:\Users\mts18\lwjgl-3.3.6\library\lwjgl-libdivide.jar;C:\Users\mts18\lwjgl-3.3.6\library\lwjgl-libdivide-natives-windows.jar;C:\Users\mts18\lwjgl-3.3.6\library\lwjgl-llvm.jar;C:\Users\mts18\lwjgl-3.3.6\library\lwjgl-llvm-natives-windows.jar;C:\Users\mts18\lwjgl-3.3.6\library\lwjgl-lmdb.jar;C:\Users\mts18\lwjgl-3.3.6\library\lwjgl-lmdb-natives-windows.jar;C:\Users\mts18\lwjgl-3.3.6\library\lwjgl-lz4.jar;C:\Users\mts18\lwjgl-3.3.6\library\lwjgl-lz4-natives-windows.jar;C:\Users\mts18\lwjgl-3.3.6\library\lwjgl-meow.jar;C:\Users\mts18\lwjgl-3.3.6\library\lwjgl-meow-natives-windows.jar;C:\Users\mts18\lwjgl-3.3.6\library\lwjgl-meshoptimizer.jar;C:\Users\mts18\lwjgl-3.3.6\library\lwjgl-meshoptimizer-natives-windows.jar;C:\Users\mts18\lwj-XX:+ShowCodeDetailsInExceptionMessages -Djdk.module.main=graphics3d graphics3d/graphics3d.Graphics3D

Host: 12th Gen Intel(R) Core(TM) i5-1235U, 12 cores, 7G,  Windows 11 , 64 bit Build 26100 (10.0.26100.7309)
Time: Sat Dec 13 14:12:03 2025 Eastern Standard Time elapsed time: 1.885745 seconds (0d 0h 0m 1s)

---------------  T H R E A D  ---------------

Current thread (0x0000013b4daa9360):  JavaThread "main"             [_thread_in_native, id=5968, stack(0x0000002b96a00000,0x0000002b96b00000) (1024K)]

Stack: [0x0000002b96a00000,0x0000002b96b00000],  sp=0x0000002b96aff3a0,  free space=1020k
Native frames: (J=compiled Java code, j=interpreted, Vv=VM code, C=native code)
C  [imgui-java64.dll+0x72194]  (no source info available)
C  0x0000013b5fc9d193  (no source info available)

The last pc belongs to native method entry point (kind = native) (printed below).
Java frames: (J=compiled Java code, j=interpreted, Vv=VM code)
j  imgui.ImDrawData.nGetCmdListsCount()I+0 imgui.binding@1.90.0
j  imgui.ImDrawData.getCmdListsCount()I+1 imgui.binding@1.90.0
j  graphics3d.GuiRender.render(Lgraphics3d/Scene;)V+145 graphics3d
j  graphics3d.Render.render(Lgraphics3d/Window;Lgraphics3d/Scene;)V+40 graphics3d
j  graphics3d.Engine.run()V+245 graphics3d
j  graphics3d.Graphics3D.main([Ljava/lang/String;)V+25 graphics3d
v  ~StubRoutines::call_stub 0x0000013b5fc912ed

siginfo: EXCEPTION_ACCESS_VIOLATION (0xc0000005), reading address 0x0000000000000004


Registers:
RAX=0x0000000000000000, RBX=0x0000013b4daa97a8, RCX=0x0000013b4daa97a8, RDX=0x0000002b96aff470
RSP=0x0000002b96aff3a0, RBP=0x0000002b96aff450, RSI=0x0000002b96aff470, RDI=0x0000013b5fc98c0e
R8 =0x0000000000000042, R9 =0x000000008b20f6a8, R10=0x00007ffb2574f340, R11=0x0000000000000000
R12=0x0000000000000000, R13=0x0000013b6d70fac0, R14=0x0000002b96aff470, R15=0x0000013b4daa9360
RIP=0x00007ffb29d52194, EFLAGS=0x0000000000010246

XMM[0]=0x0000000000000000 0x0000000000000000
XMM[1]=0x0000000000000000 0x0000000000000000
XMM[2]=0x746e756f43737473 0x694c646d43746547
XMM[3]=0x0000000000000000 0x0000000000000000
XMM[4]=0x0000000000000000 0x0000000000000000
XMM[5]=0x6e5f617461447761 0x72446d495f697567
XMM[6]=0x0000000000000000 0x3f081cb530fd7066
XMM[7]=0x0000000000000000 0x3f5804dd1252c0c5
XMM[8]=0x0000000000000000 0xded560a579e981eb
XMM[9]=0x0000000000000000 0x0521b860efc159f4
XMM[10]=0x0000000000000000 0x00000000ea9fa194
XMM[11]=0x0000000000000000 0x2390419713519b8b
XMM[12]=0x0000000000000000 0x00000000efc159f4
XMM[13]=0x0000000000000000 0x0000000000000000
XMM[14]=0x0000000000000000 0x0000000000000000
XMM[15]=0x0000000000000000 0x0000000000000000
  MXCSR=0x00001fa4


Register to memory mapping:

RAX=0x0 is null
RBX=0x0000013b4daa97a8 points into unknown readable memory: 0x0000013b72a56130 | 30 61 a5 72 3b 01 00 00
RCX=0x0000013b4daa97a8 points into unknown readable memory: 0x0000013b72a56130 | 30 61 a5 72 3b 01 00 00
RDX=0x0000002b96aff470 is pointing into the stack for thread: 0x0000013b4daa9360
RSP=0x0000002b96aff3a0 is pointing into the stack for thread: 0x0000013b4daa9360
RBP=0x0000002b96aff450 is pointing into the stack for thread: 0x0000013b4daa9360
RSI=0x0000002b96aff470 is pointing into the stack for thread: 0x0000013b4daa9360
RDI=0x0000013b5fc98c0e is at code_begin+1518 in an Interpreter codelet
return entry points  [0x0000013b5fc98620, 0x0000013b5fc99298]  3192 bytes
R8 =0x0000000000000042 is an unknown value
R9 =0x000000008b20f6a8 is an oop: imgui.ImDrawData 
{0x000000008b20f6a8} - klass: 'imgui/ImDrawData' - flags: 

 - ---- fields (total size 3 words):
 - public 'ptr' 'J' @16  0 (0x0000000000000000)
R10=0x00007ffb2574f340 jvm.dll
R11=0x0 is null
R12=0x0 is null
R13={method} {0x0000013b6d70fac8} 'nGetCmdListsCount' '()I' in 'imgui/ImDrawData'
R14=0x0000002b96aff470 is pointing into the stack for thread: 0x0000013b4daa9360
R15=0x0000013b4daa9360 is a thread

Top of Stack: (sp=0x0000002b96aff3a0)
0x0000002b96aff3a0:   0000013b5fc98c0e 0000013b5fc9cff6   ..._;......_;...
0x0000002b96aff3b0:   0000013b6d70fac0 0000013b6d70fac0   ..pm;.....pm;...
0x0000002b96aff3c0:   0000013b6d70fac0 0000013b6d70fac0   ..pm;.....pm;...
0x0000002b96aff3d0:   0000013b6d0ac5f8 0000013b5fc9d193   ...m;......_;...
0x0000002b96aff3e0:   3ff0000000000000 0000013b6d70fac0   .......?..pm;...
0x0000002b96aff3f0:   0000013b6d0ac5f8 0000002b96aff4c8   ...m;.......+...
0x0000002b96aff400:   0000013b5fc9ce6b fffffffffffffff7   k.._;...........
0x0000002b96aff410:   0000013b6d70fac0 0000000000000004   ..pm;...........
0x0000002b96aff420:   0000013b6d7117c8 0000000000000000   ..qm;...........
0x0000002b96aff430:   000000008b20f528 0000013b6d70fac0   (. .......pm;...
0x0000002b96aff440:   0000000000000000 0000002b96aff470   ........p...+...
0x0000002b96aff450:   0000002b96aff4c0 0000013b5fc98c60   ....+...`.._;...
0x0000002b96aff460:   0000000000000000 0000013b5fc9a755   ........U.._;...
0x0000002b96aff470:   000000008b20f6a8 fffffffffffffff7   .. .............
0x0000002b96aff480:   0000013b6d70fa19 0000000000000002   ..pm;...........
0x0000002b96aff490:   0000013b6d7117c8 0000000000000000   ..qm;...........
0x0000002b96aff4a0:   000000008b20f528 0000013b6d70fa30   (. .....0.pm;...
0x0000002b96aff4b0:   fffffffffffffff6 0000002b96aff4d0   ............+...
0x0000002b96aff4c0:   0000002b96aff520 0000013b5fc98c60    ...+...`.._;...
0x0000002b96aff4d0:   000000008b20f6a8 fffffffffffffff7   .. .............
0x0000002b96aff4e0:   0000013b6d643789 000000000000000d   .7dm;...........
0x0000002b96aff4f0:   0000013b6d646620 0000000000000000    fdm;...........
0x0000002b96aff500:   000000008b4e7448 0000013b6d6438d8   HtN......8dm;...
0x0000002b96aff510:   fffffffffffffff6 0000002b96aff580   ............+...
0x0000002b96aff520:   0000002b96aff5d8 0000013b5fc98b18   ....+......_;...
0x0000002b96aff530:   0000000000000000 0000000000000000   ................
0x0000002b96aff540:   0000000000000000 0000000000000000   ................
0x0000002b96aff550:   0000000000000000 0000000000000000   ................
0x0000002b96aff560:   0000000000000000 000000008b20f6a8   .......... .....
0x0000002b96aff570:   000000008b3f85d8 000000008aee0f68   ..?.....h.......
0x0000002b96aff580:   000000008b281260 000000008b4e7588   `.(......uN.....
0x0000002b96aff590:   fffffffffffffff7 0000013b6d4099f0   ..........@m;...

Instructions: (pc=0x00007ffb29d52194)
  0x00007ffb29d52094:   4c 8b 0f 48 89 f9 48 89 ea 49 89 c0 41 ff 91 28
  0x00007ffb29d520a4:   03 00 00 48 89 c7 85 db 78 3a 3b 58 10 7c 0e e8
  0x00007ffb29d520b4:   18 59 19 00 84 c0 75 44 3b 5f 10 7d 30 48 8b 47
  0x00007ffb29d520c4:   18 4d 89 e0 48 89 f1 48 8b 04 d8 48 8b 50 28 48
  0x00007ffb29d520d4:   83 c4 20 5b 5e 5f 5d 41 5c e9 76 83 25 00 66 0f
  0x00007ffb29d520e4:   1f 44 00 00 e8 e3 58 19 00 84 c0 75 0f e8 ca f7
  0x00007ffb29d520f4:   ff ff 66 2e 0f 1f 84 00 00 00 00 00 4c 8d 05 99
  0x00007ffb29d52104:   07 4c 00 ba 31 08 00 00 48 8d 0d a4 07 4c 00 e8
  0x00007ffb29d52114:   f8 57 19 00 eb a7 66 0f 1f 44 00 00 b8 14 00 00
  0x00007ffb29d52124:   00 c3 66 2e 0f 1f 84 00 00 00 00 00 b8 02 00 00
  0x00007ffb29d52134:   00 c3 66 2e 0f 1f 84 00 00 00 00 00 56 53 48 83
  0x00007ffb29d52144:   ec 28 48 89 cb 48 89 d6 e8 cf 58 19 00 4c 8b 0b
  0x00007ffb29d52154:   48 89 f2 48 89 d9 49 89 c0 41 ff 91 28 03 00 00
  0x00007ffb29d52164:   0f b6 00 48 83 c4 28 5b 5e c3 66 90 56 53 48 83
  0x00007ffb29d52174:   ec 28 48 89 cb 48 89 d6 e8 9f 58 19 00 4c 8b 0b
  0x00007ffb29d52184:   48 89 f2 48 89 d9 49 89 c0 41 ff 91 28 03 00 00
=>0x00007ffb29d52194:   8b 40 04 48 83 c4 28 5b 5e c3 66 90 56 53 48 83
  0x00007ffb29d521a4:   ec 28 48 89 cb 48 89 d6 e8 6f 58 19 00 4c 8b 0b
  0x00007ffb29d521b4:   48 89 f2 48 89 d9 49 89 c0 41 ff 91 28 03 00 00
  0x00007ffb29d521c4:   8b 40 08 48 83 c4 28 5b 5e c3 66 90 56 53 48 83
  0x00007ffb29d521d4:   ec 28 48 89 cb 48 89 d6 e8 3f 58 19 00 4c 8b 0b
  0x00007ffb29d521e4:   48 89 f2 48 89 d9 49 89 c0 41 ff 91 28 03 00 00
  0x00007ffb29d521f4:   8b 40 0c 48 83 c4 28 5b 5e c3 66 90 57 56 53 48
  0x00007ffb29d52204:   83 ec 20 48 89 cb 4c 89 c6 48 89 d7 e8 0b 58 19
  0x00007ffb29d52214:   00 4c 8b 0b 48 89 fa 48 89 d9 49 89 c0 41 ff 91
  0x00007ffb29d52224:   28 03 00 00 49 89 f0 48 89 d9 48 8b 50 20 48 83
  0x00007ffb29d52234:   c4 20 5b 5e 5f e9 b2 5c 19 00 66 90 56 53 48 83
  0x00007ffb29d52244:   ec 28 48 89 cb 48 89 d6 e8 cf 57 19 00 4c 8b 0b
  0x00007ffb29d52254:   48 89 f2 48 89 d9 49 89 c0 41 ff 91 28 03 00 00
  0x00007ffb29d52264:   f3 0f 10 40 20 48 83 c4 28 5b 5e c3 56 53 48 83
  0x00007ffb29d52274:   ec 28 48 89 cb 48 89 d6 e8 9f 57 19 00 4c 8b 0b
  0x00007ffb29d52284:   48 89 f2 48 89 d9 49 89 c0 41 ff 91 28 03 00 00


Stack slot to memory mapping:

stack at sp + 0 slots: 0x0000013b5fc98c0e is at code_begin+1518 in an Interpreter codelet
return entry points  [0x0000013b5fc98620, 0x0000013b5fc99298]  3192 bytes
stack at sp + 1 slots: 0x0000013b5fc9cff6 is at code_begin+566 in an Interpreter codelet
native method entry point (kind = native)  [0x0000013b5fc9cdc0, 0x0000013b5fc9d8b8]  2808 bytes
stack at sp + 2 slots: {method} {0x0000013b6d70fac8} 'nGetCmdListsCount' '()I' in 'imgui/ImDrawData'
stack at sp + 3 slots: {method} {0x0000013b6d70fac8} 'nGetCmdListsCount' '()I' in 'imgui/ImDrawData'
stack at sp + 4 slots: {method} {0x0000013b6d70fac8} 'nGetCmdListsCount' '()I' in 'imgui/ImDrawData'
stack at sp + 5 slots: {method} {0x0000013b6d70fac8} 'nGetCmdListsCount' '()I' in 'imgui/ImDrawData'
stack at sp + 6 slots: 0x0000013b6d0ac5f8 is pointing into metadata
stack at sp + 7 slots: 0x0000013b5fc9d193 is at code_begin+979 in an Interpreter codelet
native method entry point (kind = native)  [0x0000013b5fc9cdc0, 0x0000013b5fc9d8b8]  2808 bytes

Lock stack of current Java thread (top to bottom):

native method entry point (kind = native)  [0x0000013b5fc9cdc0, 0x0000013b5fc9d8b8]  2808 bytes
[MachCode]
  0x0000013b5fc9cdc0: 488b 4b08 | 0fb7 492e | 584c 8d74 | ccf8 6800 | 0000 0068 | 0000 0000 | 5055 488b | ec41 5548 
  0x0000013b5fc9cde0: 8b43 084c | 8d68 3848 | 8b40 0868 | 0000 0000 | 5348 8b50 | 1848 8b52 | 7048 8b12 | 5248 8b53 
  0x0000013b5fc9ce00: 1048 85d2 | 7407 4881 | c2d0 0000 | 0052 488b | 5010 5249 | 8bc6 482b | c548 c1e8 | 0350 6800 
  0x0000013b5fc9ce20: 0000 0068 | f7ff ffff | 41c6 87f1 | 0400 0001 | 488b 4310 | 4885 c074 | 208b 8890 | 0000 0083 
  0x0000013b5fc9ce40: c102 8988 | 9000 0000 | 2388 a400 | 0000 0f84 | b209 0000 | e9cf 0000 | 0048 8b43 | 1848 85c0 
  0x0000013b5fc9ce60: 0f85 b000 | 0000 e805 | 0000 00e9 | 9900 0000 | 488b d348 | 8d44 2408 | 4c89 6dc0 | 498b cfc5 
  0x0000013b5fc9ce80: f877 4989 | af38 0400 | 0049 8987 | 2804 0000 | 4883 ec20 | 40f6 c40f | 0f84 1900 | 0000 4883 
  0x0000013b5fc9cea0: ec08 48b8 | e01e e424 | fb7f 0000 | ffd0 4883 | c408 e90c | 0000 0048 | b8e0 1ee4 | 24fb 7f00 
  0x0000013b5fc9cec0: 00ff d048 | 83c4 2049 | c787 2804 | 0000 0000 | 0000 49c7 | 8738 0400 | 0000 0000 | 0049 c787 
  0x0000013b5fc9cee0: 3004 0000 | 0000 0000 | c5f8 7749 | 837f 0800 | 0f84 0500 | 0000 e9e5 | 42ff ff4c | 8b6d c04c 
  0x0000013b5fc9cf00: 8b75 c84e | 8d74 f500 | c348 8b43 | 1848 85c0 | 0f84 1200 | 0000 8b48 | 0883 c102 | 8948 0823 
  0x0000013b5fc9cf20: 482c 0f84 | de08 0000 | 493b a770 | 0500 000f | 8748 0000 | 0089 8424 | 00f0 ffff | 8984 2400 
  0x0000013b5fc9cf40: e0ff ff89 | 8424 00d0 | ffff 8984 | 2400 c0ff | ff89 8424 | 00b0 ffff | 8984 2400 | a0ff ff89 
  0x0000013b5fc9cf60: 8424 0090 | ffff 8984 | 2400 80ff | ff49 3ba7 | 6805 0000 | 7607 4989 | a770 0500 | 0041 c687 
  0x0000013b5fc9cf80: f104 0000 | 0048 8b5d | e84c 8b5b | 0845 0fb7 | 5b2e 41c1 | e303 492b | e348 83ec | 2048 83e4 
  0x0000013b5fc9cfa0: f04c 8b5b | 604d 85db | 0f85 ab00 | 0000 e805 | 0000 00e9 | 9900 0000 | 488b d348 | 8d44 2408 
  0x0000013b5fc9cfc0: 4c89 6dc0 | 498b cfc5 | f877 4989 | af38 0400 | 0049 8987 | 2804 0000 | 4883 ec20 | 40f6 c40f 
  0x0000013b5fc9cfe0: 0f84 1900 | 0000 4883 | ec08 48b8 | 1048 e424 | fb7f 0000 | ffd0 4883 | c408 e90c | 0000 0048 
  0x0000013b5fc9d000: b810 48e4 | 24fb 7f00 | 00ff d048 | 83c4 2049 | c787 2804 | 0000 0000 | 0000 49c7 | 8738 0400 
  0x0000013b5fc9d020: 0000 0000 | 0049 c787 | 3004 0000 | 0000 0000 | c5f8 7749 | 837f 0800 | 0f84 0500 | 0000 e99d 
  0x0000013b5fc9d040: 41ff ff4c | 8b6d c04c | 8b75 c84e | 8d74 f500 | c348 8b5d | e84c 8b5b | 6041 ffd3 | 488b 5de8 
  0x0000013b5fc9d060: 4889 4518 | 440f b75b | 2c41 f6c3 | 080f 841b | 0000 004c | 8b5b 084d | 8b5b 084d | 8b5b 184d 
  0x0000013b5fc9d080: 8b5b 704d | 8b1b 4c89 | 5d10 488d | 5510 488b | 4358 49ba | 800e 1f25 | fb7f 0000 | 493b c20f 
  0x0000013b5fc9d0a0: 85ab 0000 | 00e8 0500 | 0000 e999 | 0000 0048 | 8bd3 488d | 4424 084c | 896d c049 | 8bcf c5f8 
  0x0000013b5fc9d0c0: 7749 89af | 3804 0000 | 4989 8728 | 0400 0048 | 83ec 2040 | f6c4 0f0f | 8419 0000 | 0048 83ec 
  0x0000013b5fc9d0e0: 0848 b810 | 48e4 24fb | 7f00 00ff | d048 83c4 | 08e9 0c00 | 0000 48b8 | 1048 e424 | fb7f 0000 
  0x0000013b5fc9d100: ffd0 4883 | c420 49c7 | 8728 0400 | 0000 0000 | 0049 c787 | 3804 0000 | 0000 0000 | 49c7 8730 
  0x0000013b5fc9d120: 0400 0000 | 0000 00c5 | f877 4983 | 7f08 000f | 8405 0000 | 00e9 a640 | ffff 4c8b | 6dc0 4c8b 
  0x0000013b5fc9d140: 75c8 4e8d | 74f5 00c3 | 488b 5de8 | 488b 4358 | 498d 8f48 | 0400 004c | 8d15 d500 | 0000 4d89 
  0x0000013b5fc9d160: 9730 0400 | 00c5 f877 | 4989 af38 | 0400 0049 | 89a7 2804 | 0000 41c7 | 87d4 0400 | 0004 0000 
  0x0000013b5fc9d180: 0049 3ba7 | c805 0000 | 7607 4989 | a7c8 0500 | 00ff d049 | 3ba7 c805 | 0000 720b | 49c7 87c8 
  0x0000013b5fc9d1a0: 0500 0000 | 0000 00c5 | f877 4883 | ec10 c5fb | 1104 2448 | 83ec 1048 | 8904 2448 | c744 2408 
  0x0000013b5fc9d1c0: 0000 0000 | 41c7 87d4 | 0400 0005 | 0000 00f0 | 8344 24c0 | 0049 3b6f | 280f 870e | 0000 0041 
  0x0000013b5fc9d1e0: 83bf d004 | 0000 000f | 8420 0000 | 0049 8bcf | 4c8b e448 | 83ec 2048 | 83e4 f048 | b840 ace5 
  0x0000013b5fc9d200: 24fb 7f00 | 00ff d049 | 8be4 4d33 | e441 c787 | d404 0000 | 0800 0000 | 4d8b 97f0 | 0500 0049 
  0x0000013b5fc9d220: 83fa 0074 | 3549 c787 | f005 0000 | 0000 0000 | 41ff e249 | ba60 bec9 | 5f3b 0100 | 0041 ffd2 
  0x0000013b5fc9d240: 4883 ec10 | c5fb 1104 | 2448 83ec | 1048 8904 | 2448 c744 | 2408 0000 | 0000 49c7 | 8728 0400 
  0x0000013b5fc9d260: 0000 0000 | 0049 c787 | 3804 0000 | 0000 0000 | 49c7 8730 | 0400 0000 | 0000 00c5 | f877 4d8b 
  0x0000013b5fc9d280: 9fb8 0400 | 0041 c783 | 0001 0000 | 0000 0000 | 49bb 5aa7 | c95f 3b01 | 0000 4c3b | 5d18 0f85 
  0x0000013b5fc9d2a0: 5501 0000 | 488b 0424 | 4883 c410 | 4885 c00f | 842f 0100 | 00a8 030f | 8508 0000 | 0048 8b00 
  0x0000013b5fc9d2c0: e91f 0100 | 00a8 010f | 8509 0000 | 0048 8b40 | fee9 0e01 | 0000 488b | 40ff 4180 | 7f48 000f 
  0x0000013b5fc9d2e0: 84ff 0000 | 0048 83f8 | 000f 84f5 | 0000 004d | 8b5f 384d | 85db 0f84 | 1400 0000 | 4983 eb08 
  0x0000013b5fc9d300: 4d89 5f38 | 4d03 5f40 | 4989 03e9 | d400 0000 | 4883 ec70 | 4889 0424 | 4889 4c24 | 0848 8954 
  0x0000013b5fc9d320: 2410 4c89 | 4424 184c | 894c 2420 | 4c89 5424 | 284c 895c | 2430 c5fb | 1144 2440 | c5fb 114c 
  0x0000013b5fc9d340: 2448 c5fb | 1154 2450 | c5fb 115c | 2458 c5fb | 1164 2460 | c5fb 116c | 2468 498b | d748 8bc8 
  0x0000013b5fc9d360: 4883 ec20 | 40f6 c40f | 0f84 1900 | 0000 4883 | ec08 48b8 | 2076 d824 | fb7f 0000 | ffd0 4883 
  0x0000013b5fc9d380: c408 e90c | 0000 0048 | b820 76d8 | 24fb 7f00 | 00ff d048 | 83c4 20c5 | fb10 6c24 | 68c5 fb10 
  0x0000013b5fc9d3a0: 6424 60c5 | fb10 5c24 | 58c5 fb10 | 5424 50c5 | fb10 4c24 | 48c5 fb10 | 4424 404c | 8b5c 2430 
  0x0000013b5fc9d3c0: 4c8b 5424 | 284c 8b4c | 2420 4c8b | 4424 1848 | 8b54 2410 | 488b 4c24 | 0848 8b04 | 2448 83c4 
  0x0000013b5fc9d3e0: 70c5 f877 | 4889 4510 | 4883 ec10 | 4889 0424 | 48c7 4424 | 0800 0000 | 0041 83bf | 5005 0000 
  0x0000013b5fc9d400: 020f 85bf | 0000 0048 | 81ec 8000 | 0000 4889 | 4424 7848 | 894c 2470 | 4889 5424 | 6848 895c 
  0x0000013b5fc9d420: 2460 4889 | 6c24 5048 | 8974 2448 | 4889 7c24 | 404c 8944 | 2438 4c89 | 4c24 304c | 8954 2428 
  0x0000013b5fc9d440: 4c89 5c24 | 204c 8964 | 2418 4c89 | 6c24 104c | 8974 2408 | 4c89 3c24 | 4c8b e448 | 83ec 2048 
  0x0000013b5fc9d460: 83e4 f048 | b8f0 f51e | 25fb 7f00 | 00ff d049 | 8be4 4c8b | 3c24 4c8b | 7424 084c | 8b6c 2410 
  0x0000013b5fc9d480: 4c8b 6424 | 184c 8b5c | 2420 4c8b | 5424 284c | 8b4c 2430 | 4c8b 4424 | 3848 8b7c | 2440 488b 
  0x0000013b5fc9d4a0: 7424 4848 | 8b6c 2450 | 488b 5c24 | 6048 8b54 | 2468 488b | 4c24 7048 | 8b44 2478 | 4881 c480 
  0x0000013b5fc9d4c0: 0000 004d | 33e4 488b | 5de8 4c8b | 6b08 4d8d | 6d38 4983 | 7f08 000f | 84bb 0000 | 00e8 0500 
  0x0000013b5fc9d4e0: 0000 e996 | 0000 0048 | 8d44 2408 | 4c89 6dc0 | 498b cfc5 | f877 4989 | af38 0400 | 0049 8987 
  0x0000013b5fc9d500: 2804 0000 | 4883 ec20 | 40f6 c40f | 0f84 1900 | 0000 4883 | ec08 48b8 | 5066 e424 | fb7f 0000 
  0x0000013b5fc9d520: ffd0 4883 | c408 e90c | 0000 0048 | b850 66e4 | 24fb 7f00 | 00ff d048 | 83c4 2049 | c787 2804 
  0x0000013b5fc9d540: 0000 0000 | 0000 49c7 | 8738 0400 | 0000 0000 | 0049 c787 | 3004 0000 | 0000 0000 | c5f8 7749 
  0x0000013b5fc9d560: 837f 0800 | 0f84 0500 | 0000 e971 | 3cff ff4c | 8b6d c04c | 8b75 c84e | 8d74 f500 | c348 b938 
  0x0000013b5fc9d580: 0848 25fb | 7f00 0048 | 83e4 f048 | b850 8c0b | 25fb 7f00 | 00ff d0f4 | 440f b75b | 2c41 f6c3 
  0x0000013b5fc9d5a0: 200f 8472 | 0100 0048 | 8d55 a84c | 8b5a 084d | 85db 0f85 | bb00 0000 | e805 0000 | 00e9 9600 
  0x0000013b5fc9d5c0: 0000 488d | 4424 084c | 896d c049 | 8bcf c5f8 | 7749 89af | 3804 0000 | 4989 8728 | 0400 0048 
  0x0000013b5fc9d5e0: 83ec 2040 | f6c4 0f0f | 8419 0000 | 0048 83ec | 0848 b880 | 65e4 24fb | 7f00 00ff | d048 83c4 
  0x0000013b5fc9d600: 08e9 0c00 | 0000 48b8 | 8065 e424 | fb7f 0000 | ffd0 4883 | c420 49c7 | 8728 0400 | 0000 0000 
  0x0000013b5fc9d620: 0049 c787 | 3804 0000 | 0000 0000 | 49c7 8730 | 0400 0000 | 0000 00c5 | f877 4983 | 7f08 000f 
  0x0000013b5fc9d640: 8405 0000 | 00e9 963b | ffff 4c8b | 6dc0 4c8b | 75c8 4e8d | 74f5 00c3 | 48b9 3808 | 4825 fb7f 
  0x0000013b5fc9d660: 0000 4883 | e4f0 48b8 | 508c 0b25 | fb7f 0000 | ffd0 f44c | 896d c04c | 8b4a 0848 | c742 0800 
  0x0000013b5fc9d680: 0000 0045 | 8b87 d806 | 0000 4f3b | 4c07 f80f | 8542 0000 | 0041 83af | d806 0000 | 084f 3b4c 
  0x0000013b5fc9d6a0: 07f0 0f84 | 2a00 0000 | 498b 01a8 | 020f 8512 | 0000 004c | 8bc0 4983 | c801 f04d | 0fb1 010f 
  0x0000013b5fc9d6c0: 840d 0000 | 0041 8387 | d806 0000 | 08e9 0500 | 0000 e93e | 0000 004c | 894a 0848 | 8bca 4883 
  0x0000013b5fc9d6e0: ec20 40f6 | c40f 0f84 | 1900 0000 | 4883 ec08 | 48b8 d037 | e424 fb7f | 0000 ffd0 | 4883 c408 
  0x0000013b5fc9d700: e90c 0000 | 0048 b8d0 | 37e4 24fb | 7f00 00ff | d048 83c4 | 204c 8b6d | c041 c687 | 9603 0000 
  0x0000013b5fc9d720: 0149 3b6f | 280f 8705 | 0000 00e9 | ab00 0000 | 4883 ec10 | c5fb 1104 | 2448 83ec | 1048 8904 
  0x0000013b5fc9d740: 2448 c744 | 2408 0000 | 0000 c5f8 | 7749 89af | 3804 0000 | 49ba 4ad7 | c95f 3b01 | 0000 4d89 
  0x0000013b5fc9d760: 9730 0400 | 0049 89a7 | 2804 0000 | 498b cf48 | 83ec 2040 | f6c4 0f0f | 8419 0000 | 0048 83ec 
  0x0000013b5fc9d780: 0848 b870 | 1ee4 24fb | 7f00 00ff | d048 83c4 | 08e9 0c00 | 0000 48b8 | 701e e424 | fb7f 0000 
  0x0000013b5fc9d7a0: ffd0 4883 | c420 49c7 | 8728 0400 | 0000 0000 | 0049 c787 | 3804 0000 | 0000 0000 | 49c7 8730 
  0x0000013b5fc9d7c0: 0400 0000 | 0000 00c5 | f877 488b | 0424 4883 | c410 c5fb | 1004 2448 | 83c4 1048 | 8b04 2448 
  0x0000013b5fc9d7e0: 83c4 10c5 | fb10 0424 | 4883 c410 | 4c8b 5d18 | 41ff d34c | 8b5d f8c9 | 41c6 8796 | 0300 0000 
  0x0000013b5fc9d800: 5f49 8be3 | ffe7 ba00 | 0000 00e8 | 0500 0000 | e996 0000 | 0048 8d44 | 2408 4c89 | 6dc0 498b 
  0x0000013b5fc9d820: cfc5 f877 | 4989 af38 | 0400 0049 | 8987 2804 | 0000 4883 | ec20 40f6 | c40f 0f84 | 1900 0000 
  0x0000013b5fc9d840: 4883 ec08 | 48b8 c02d | e424 fb7f | 0000 ffd0 | 4883 c408 | e90c 0000 | 0048 b8c0 | 2de4 24fb 
  0x0000013b5fc9d860: 7f00 00ff | d048 83c4 | 2049 c787 | 2804 0000 | 0000 0000 | 49c7 8738 | 0400 0000 | 0000 0049 
  0x0000013b5fc9d880: c787 3004 | 0000 0000 | 0000 c5f8 | 7749 837f | 0800 0f84 | 0500 0000 | e943 39ff | ff4c 8b6d 
  0x0000013b5fc9d8a0: c04c 8b75 | c84e 8d74 | f500 c348 | 8b5d e8e9 | 74f6 ffff | 0f1f 4000 
[/MachCode]

---------------  P R O C E S S  ---------------

Threads class SMR info:
_java_thread_list=0x0000013b72628480, length=11, elements={
0x0000013b4daa9360, 0x0000013b6cf5ef20, 0x0000013b6cf5f6f0, 0x0000013b6cf5df80,
0x0000013b6cf5d7b0, 0x0000013b6cf5fec0, 0x0000013b6cf5e750, 0x0000013b6cf7e270,
0x0000013b6cf9efc0, 0x0000013b6cf60690, 0x0000013b7113bff0
}

Java Threads: ( => current thread )
=>0x0000013b4daa9360 JavaThread "main"                              [_thread_in_native, id=5968, stack(0x0000002b96a00000,0x0000002b96b00000) (1024K)]
  0x0000013b6cf5ef20 JavaThread "Reference Handler"          daemon [_thread_blocked, id=2728, stack(0x0000002b97200000,0x0000002b97300000) (1024K)]
  0x0000013b6cf5f6f0 JavaThread "Finalizer"                  daemon [_thread_blocked, id=14892, stack(0x0000002b97300000,0x0000002b97400000) (1024K)]
  0x0000013b6cf5df80 JavaThread "Signal Dispatcher"          daemon [_thread_blocked, id=6764, stack(0x0000002b97400000,0x0000002b97500000) (1024K)]
  0x0000013b6cf5d7b0 JavaThread "Attach Listener"            daemon [_thread_blocked, id=25584, stack(0x0000002b97500000,0x0000002b97600000) (1024K)]
  0x0000013b6cf5fec0 JavaThread "Service Thread"             daemon [_thread_blocked, id=8000, stack(0x0000002b97600000,0x0000002b97700000) (1024K)]
  0x0000013b6cf5e750 JavaThread "Monitor Deflation Thread"   daemon [_thread_blocked, id=15664, stack(0x0000002b97700000,0x0000002b97800000) (1024K)]
  0x0000013b6cf7e270 JavaThread "C2 CompilerThread0"         daemon [_thread_blocked, id=18644, stack(0x0000002b97800000,0x0000002b97900000) (1024K)]
  0x0000013b6cf9efc0 JavaThread "C1 CompilerThread0"         daemon [_thread_blocked, id=7100, stack(0x0000002b97900000,0x0000002b97a00000) (1024K)]
  0x0000013b6cf60690 JavaThread "Common-Cleaner"             daemon [_thread_blocked, id=15712, stack(0x0000002b97a00000,0x0000002b97b00000) (1024K)]
  0x0000013b7113bff0 JavaThread "Notification Thread"        daemon [_thread_blocked, id=2624, stack(0x0000002b97d00000,0x0000002b97e00000) (1024K)]
Total: 11

Other Threads:
  0x0000013b6cf4c5c0 VMThread "VM Thread"                           [id=19708, stack(0x0000002b97100000,0x0000002b97200000) (1024K)]
  0x0000013b6cf3f910 WatcherThread "VM Periodic Task Thread"        [id=25168, stack(0x0000002b97000000,0x0000002b97100000) (1024K)]
  0x0000013b4ff3f730 WorkerThread "GC Thread#0"                     [id=20192, stack(0x0000002b96b00000,0x0000002b96c00000) (1024K)]
  0x0000013b4ff5a880 ConcurrentGCThread "G1 Main Marker"            [id=9644, stack(0x0000002b96c00000,0x0000002b96d00000) (1024K)]
  0x0000013b4ff5b220 WorkerThread "G1 Conc#0"                       [id=19164, stack(0x0000002b96d00000,0x0000002b96e00000) (1024K)]
  0x0000013b6ce066e0 ConcurrentGCThread "G1 Refine#0"               [id=16056, stack(0x0000002b96e00000,0x0000002b96f00000) (1024K)]
  0x0000013b6ce06fa0 ConcurrentGCThread "G1 Service"                [id=2512, stack(0x0000002b96f00000,0x0000002b97000000) (1024K)]
Total: 7

Threads with active compile tasks:
Total: 0

VM state: not at safepoint (normal execution)

VM Mutex/Monitor currently owned by a thread: None

Heap address: 0x0000000084e00000, size: 1970 MB, Compressed Oops mode: 32-bit

CDS archive(s) mapped at: [0x0000000029000000-0x0000000029dd0000-0x0000000029dd0000), size 14483456, SharedBaseAddress: 0x0000000029000000, ArchiveRelocationMode: 1.
Compressed class space mapped at: 0x000000002a000000-0x000000006a000000, reserved size: 1073741824
UseCompressedClassPointers 1, UseCompactObjectHeaders 0
Narrow klass pointer bits 32, Max shift 3
Narrow klass base: 0x0000000029000000, Narrow klass shift: 0
Encoding Range: [0x0000000029000000 - 0x0000000129000000), (4294967296 bytes)
Klass Range:    [0x0000000029010000 - 0x000000006a000000), (1090453504 bytes)
Klass ID Range:  [65536 - 1090519033) (1090453497)
Protection zone: [0x0000000029000000 - 0x0000000029010000), (65536 bytes)

GC Precious Log:
 CardTable entry size: 512
 Card Set container configuration: InlinePtr #cards 5 size 8 Array Of Cards #cards 10 size 36 Howl #buckets 4 coarsen threshold 1843 Howl Bitmap #cards 512 size 80 coarsen threshold 460 Card regions per heap region 1 cards per card region 2048
 CPUs: 12 total, 12 available
 Memory: 7876M
 Large Page Support: Disabled
 NUMA Support: Disabled
 Compressed Oops: Enabled (32-bit)
 Heap Region Size: 1M
 Heap Min Capacity: 8M
 Heap Initial Capacity: 124M
 Heap Max Capacity: 1970M
 Pre-touch: Disabled
 Parallel Workers: 10
 Concurrent Workers: 3
 Concurrent Refinement Workers: 10
 Periodic GC: Disabled

Heap:
 garbage-first heap   total reserved 2017280K, committed 129024K, used 28821K [0x0000000084e00000, 0x0000000100000000)
  region size 1024K, 28 young (28672K), 0 survivors (0K)

Heap Regions: E=young(eden), S=young(survivor), O=old, HS=humongous(starts), HC=humongous(continues), CS=collection set, F=free, TAMS=top-at-mark-start, PB=parsable bottom
|   0|0x0000000084e00000, 0x0000000084e00000, 0x0000000084f00000|  0%| F|  |TAMS 0x0000000084e00000| PB 0x0000000084e00000| Untracked |  0
|   1|0x0000000084f00000, 0x0000000084f00000, 0x0000000085000000|  0%| F|  |TAMS 0x0000000084f00000| PB 0x0000000084f00000| Untracked |  0
|   2|0x0000000085000000, 0x0000000085000000, 0x0000000085100000|  0%| F|  |TAMS 0x0000000085000000| PB 0x0000000085000000| Untracked |  0
|   3|0x0000000085100000, 0x0000000085100000, 0x0000000085200000|  0%| F|  |TAMS 0x0000000085100000| PB 0x0000000085100000| Untracked |  0
|   4|0x0000000085200000, 0x0000000085200000, 0x0000000085300000|  0%| F|  |TAMS 0x0000000085200000| PB 0x0000000085200000| Untracked |  0
|   5|0x0000000085300000, 0x0000000085300000, 0x0000000085400000|  0%| F|  |TAMS 0x0000000085300000| PB 0x0000000085300000| Untracked |  0
|   6|0x0000000085400000, 0x0000000085400000, 0x0000000085500000|  0%| F|  |TAMS 0x0000000085400000| PB 0x0000000085400000| Untracked |  0
|   7|0x0000000085500000, 0x0000000085500000, 0x0000000085600000|  0%| F|  |TAMS 0x0000000085500000| PB 0x0000000085500000| Untracked |  0
|   8|0x0000000085600000, 0x0000000085600000, 0x0000000085700000|  0%| F|  |TAMS 0x0000000085600000| PB 0x0000000085600000| Untracked |  0
|   9|0x0000000085700000, 0x0000000085700000, 0x0000000085800000|  0%| F|  |TAMS 0x0000000085700000| PB 0x0000000085700000| Untracked |  0
|  10|0x0000000085800000, 0x0000000085800000, 0x0000000085900000|  0%| F|  |TAMS 0x0000000085800000| PB 0x0000000085800000| Untracked |  0
|  11|0x0000000085900000, 0x0000000085900000, 0x0000000085a00000|  0%| F|  |TAMS 0x0000000085900000| PB 0x0000000085900000| Untracked |  0
|  12|0x0000000085a00000, 0x0000000085a00000, 0x0000000085b00000|  0%| F|  |TAMS 0x0000000085a00000| PB 0x0000000085a00000| Untracked |  0
|  13|0x0000000085b00000, 0x0000000085b00000, 0x0000000085c00000|  0%| F|  |TAMS 0x0000000085b00000| PB 0x0000000085b00000| Untracked |  0
|  14|0x0000000085c00000, 0x0000000085c00000, 0x0000000085d00000|  0%| F|  |TAMS 0x0000000085c00000| PB 0x0000000085c00000| Untracked |  0
|  15|0x0000000085d00000, 0x0000000085d00000, 0x0000000085e00000|  0%| F|  |TAMS 0x0000000085d00000| PB 0x0000000085d00000| Untracked |  0
|  16|0x0000000085e00000, 0x0000000085e00000, 0x0000000085f00000|  0%| F|  |TAMS 0x0000000085e00000| PB 0x0000000085e00000| Untracked |  0
|  17|0x0000000085f00000, 0x0000000085f00000, 0x0000000086000000|  0%| F|  |TAMS 0x0000000085f00000| PB 0x0000000085f00000| Untracked |  0
|  18|0x0000000086000000, 0x0000000086000000, 0x0000000086100000|  0%| F|  |TAMS 0x0000000086000000| PB 0x0000000086000000| Untracked |  0
|  19|0x0000000086100000, 0x0000000086100000, 0x0000000086200000|  0%| F|  |TAMS 0x0000000086100000| PB 0x0000000086100000| Untracked |  0
|  20|0x0000000086200000, 0x0000000086200000, 0x0000000086300000|  0%| F|  |TAMS 0x0000000086200000| PB 0x0000000086200000| Untracked |  0
|  21|0x0000000086300000, 0x0000000086300000, 0x0000000086400000|  0%| F|  |TAMS 0x0000000086300000| PB 0x0000000086300000| Untracked |  0
|  22|0x0000000086400000, 0x0000000086400000, 0x0000000086500000|  0%| F|  |TAMS 0x0000000086400000| PB 0x0000000086400000| Untracked |  0
|  23|0x0000000086500000, 0x0000000086500000, 0x0000000086600000|  0%| F|  |TAMS 0x0000000086500000| PB 0x0000000086500000| Untracked |  0
|  24|0x0000000086600000, 0x0000000086600000, 0x0000000086700000|  0%| F|  |TAMS 0x0000000086600000| PB 0x0000000086600000| Untracked |  0
|  25|0x0000000086700000, 0x0000000086700000, 0x0000000086800000|  0%| F|  |TAMS 0x0000000086700000| PB 0x0000000086700000| Untracked |  0
|  26|0x0000000086800000, 0x0000000086800000, 0x0000000086900000|  0%| F|  |TAMS 0x0000000086800000| PB 0x0000000086800000| Untracked |  0
|  27|0x0000000086900000, 0x0000000086900000, 0x0000000086a00000|  0%| F|  |TAMS 0x0000000086900000| PB 0x0000000086900000| Untracked |  0
|  28|0x0000000086a00000, 0x0000000086a00000, 0x0000000086b00000|  0%| F|  |TAMS 0x0000000086a00000| PB 0x0000000086a00000| Untracked |  0
|  29|0x0000000086b00000, 0x0000000086b00000, 0x0000000086c00000|  0%| F|  |TAMS 0x0000000086b00000| PB 0x0000000086b00000| Untracked |  0
|  30|0x0000000086c00000, 0x0000000086c00000, 0x0000000086d00000|  0%| F|  |TAMS 0x0000000086c00000| PB 0x0000000086c00000| Untracked |  0
|  31|0x0000000086d00000, 0x0000000086d00000, 0x0000000086e00000|  0%| F|  |TAMS 0x0000000086d00000| PB 0x0000000086d00000| Untracked |  0
|  32|0x0000000086e00000, 0x0000000086e00000, 0x0000000086f00000|  0%| F|  |TAMS 0x0000000086e00000| PB 0x0000000086e00000| Untracked |  0
|  33|0x0000000086f00000, 0x0000000086f00000, 0x0000000087000000|  0%| F|  |TAMS 0x0000000086f00000| PB 0x0000000086f00000| Untracked |  0
|  34|0x0000000087000000, 0x0000000087000000, 0x0000000087100000|  0%| F|  |TAMS 0x0000000087000000| PB 0x0000000087000000| Untracked |  0
|  35|0x0000000087100000, 0x0000000087100000, 0x0000000087200000|  0%| F|  |TAMS 0x0000000087100000| PB 0x0000000087100000| Untracked |  0
|  36|0x0000000087200000, 0x0000000087200000, 0x0000000087300000|  0%| F|  |TAMS 0x0000000087200000| PB 0x0000000087200000| Untracked |  0
|  37|0x0000000087300000, 0x0000000087300000, 0x0000000087400000|  0%| F|  |TAMS 0x0000000087300000| PB 0x0000000087300000| Untracked |  0
|  38|0x0000000087400000, 0x0000000087400000, 0x0000000087500000|  0%| F|  |TAMS 0x0000000087400000| PB 0x0000000087400000| Untracked |  0
|  39|0x0000000087500000, 0x0000000087500000, 0x0000000087600000|  0%| F|  |TAMS 0x0000000087500000| PB 0x0000000087500000| Untracked |  0
|  40|0x0000000087600000, 0x0000000087600000, 0x0000000087700000|  0%| F|  |TAMS 0x0000000087600000| PB 0x0000000087600000| Untracked |  0
|  41|0x0000000087700000, 0x0000000087700000, 0x0000000087800000|  0%| F|  |TAMS 0x0000000087700000| PB 0x0000000087700000| Untracked |  0
|  42|0x0000000087800000, 0x0000000087800000, 0x0000000087900000|  0%| F|  |TAMS 0x0000000087800000| PB 0x0000000087800000| Untracked |  0
|  43|0x0000000087900000, 0x0000000087900000, 0x0000000087a00000|  0%| F|  |TAMS 0x0000000087900000| PB 0x0000000087900000| Untracked |  0
|  44|0x0000000087a00000, 0x0000000087a00000, 0x0000000087b00000|  0%| F|  |TAMS 0x0000000087a00000| PB 0x0000000087a00000| Untracked |  0
|  45|0x0000000087b00000, 0x0000000087b00000, 0x0000000087c00000|  0%| F|  |TAMS 0x0000000087b00000| PB 0x0000000087b00000| Untracked |  0
|  46|0x0000000087c00000, 0x0000000087c00000, 0x0000000087d00000|  0%| F|  |TAMS 0x0000000087c00000| PB 0x0000000087c00000| Untracked |  0
|  47|0x0000000087d00000, 0x0000000087d00000, 0x0000000087e00000|  0%| F|  |TAMS 0x0000000087d00000| PB 0x0000000087d00000| Untracked |  0
|  48|0x0000000087e00000, 0x0000000087e00000, 0x0000000087f00000|  0%| F|  |TAMS 0x0000000087e00000| PB 0x0000000087e00000| Untracked |  0
|  49|0x0000000087f00000, 0x0000000087f00000, 0x0000000088000000|  0%| F|  |TAMS 0x0000000087f00000| PB 0x0000000087f00000| Untracked |  0
|  50|0x0000000088000000, 0x0000000088000000, 0x0000000088100000|  0%| F|  |TAMS 0x0000000088000000| PB 0x0000000088000000| Untracked |  0
|  51|0x0000000088100000, 0x0000000088100000, 0x0000000088200000|  0%| F|  |TAMS 0x0000000088100000| PB 0x0000000088100000| Untracked |  0
|  52|0x0000000088200000, 0x0000000088200000, 0x0000000088300000|  0%| F|  |TAMS 0x0000000088200000| PB 0x0000000088200000| Untracked |  0
|  53|0x0000000088300000, 0x0000000088300000, 0x0000000088400000|  0%| F|  |TAMS 0x0000000088300000| PB 0x0000000088300000| Untracked |  0
|  54|0x0000000088400000, 0x0000000088400000, 0x0000000088500000|  0%| F|  |TAMS 0x0000000088400000| PB 0x0000000088400000| Untracked |  0
|  55|0x0000000088500000, 0x0000000088500000, 0x0000000088600000|  0%| F|  |TAMS 0x0000000088500000| PB 0x0000000088500000| Untracked |  0
|  56|0x0000000088600000, 0x0000000088600000, 0x0000000088700000|  0%| F|  |TAMS 0x0000000088600000| PB 0x0000000088600000| Untracked |  0
|  57|0x0000000088700000, 0x0000000088700000, 0x0000000088800000|  0%| F|  |TAMS 0x0000000088700000| PB 0x0000000088700000| Untracked |  0
|  58|0x0000000088800000, 0x0000000088800000, 0x0000000088900000|  0%| F|  |TAMS 0x0000000088800000| PB 0x0000000088800000| Untracked |  0
|  59|0x0000000088900000, 0x0000000088900000, 0x0000000088a00000|  0%| F|  |TAMS 0x0000000088900000| PB 0x0000000088900000| Untracked |  0
|  60|0x0000000088a00000, 0x0000000088a00000, 0x0000000088b00000|  0%| F|  |TAMS 0x0000000088a00000| PB 0x0000000088a00000| Untracked |  0
|  61|0x0000000088b00000, 0x0000000088b00000, 0x0000000088c00000|  0%| F|  |TAMS 0x0000000088b00000| PB 0x0000000088b00000| Untracked |  0
|  62|0x0000000088c00000, 0x0000000088c00000, 0x0000000088d00000|  0%| F|  |TAMS 0x0000000088c00000| PB 0x0000000088c00000| Untracked |  0
|  63|0x0000000088d00000, 0x0000000088d00000, 0x0000000088e00000|  0%| F|  |TAMS 0x0000000088d00000| PB 0x0000000088d00000| Untracked |  0
|  64|0x0000000088e00000, 0x0000000088e00000, 0x0000000088f00000|  0%| F|  |TAMS 0x0000000088e00000| PB 0x0000000088e00000| Untracked |  0
|  65|0x0000000088f00000, 0x0000000088f00000, 0x0000000089000000|  0%| F|  |TAMS 0x0000000088f00000| PB 0x0000000088f00000| Untracked |  0
|  66|0x0000000089000000, 0x0000000089000000, 0x0000000089100000|  0%| F|  |TAMS 0x0000000089000000| PB 0x0000000089000000| Untracked |  0
|  67|0x0000000089100000, 0x0000000089100000, 0x0000000089200000|  0%| F|  |TAMS 0x0000000089100000| PB 0x0000000089100000| Untracked |  0
|  68|0x0000000089200000, 0x0000000089200000, 0x0000000089300000|  0%| F|  |TAMS 0x0000000089200000| PB 0x0000000089200000| Untracked |  0
|  69|0x0000000089300000, 0x0000000089300000, 0x0000000089400000|  0%| F|  |TAMS 0x0000000089300000| PB 0x0000000089300000| Untracked |  0
|  70|0x0000000089400000, 0x0000000089400000, 0x0000000089500000|  0%| F|  |TAMS 0x0000000089400000| PB 0x0000000089400000| Untracked |  0
|  71|0x0000000089500000, 0x0000000089500000, 0x0000000089600000|  0%| F|  |TAMS 0x0000000089500000| PB 0x0000000089500000| Untracked |  0
|  72|0x0000000089600000, 0x0000000089600000, 0x0000000089700000|  0%| F|  |TAMS 0x0000000089600000| PB 0x0000000089600000| Untracked |  0
|  73|0x0000000089700000, 0x0000000089700000, 0x0000000089800000|  0%| F|  |TAMS 0x0000000089700000| PB 0x0000000089700000| Untracked |  0
|  74|0x0000000089800000, 0x0000000089800000, 0x0000000089900000|  0%| F|  |TAMS 0x0000000089800000| PB 0x0000000089800000| Untracked |  0
|  75|0x0000000089900000, 0x0000000089900000, 0x0000000089a00000|  0%| F|  |TAMS 0x0000000089900000| PB 0x0000000089900000| Untracked |  0
|  76|0x0000000089a00000, 0x0000000089a00000, 0x0000000089b00000|  0%| F|  |TAMS 0x0000000089a00000| PB 0x0000000089a00000| Untracked |  0
|  77|0x0000000089b00000, 0x0000000089b00000, 0x0000000089c00000|  0%| F|  |TAMS 0x0000000089b00000| PB 0x0000000089b00000| Untracked |  0
|  78|0x0000000089c00000, 0x0000000089c00000, 0x0000000089d00000|  0%| F|  |TAMS 0x0000000089c00000| PB 0x0000000089c00000| Untracked |  0
|  79|0x0000000089d00000, 0x0000000089d00000, 0x0000000089e00000|  0%| F|  |TAMS 0x0000000089d00000| PB 0x0000000089d00000| Untracked |  0
|  80|0x0000000089e00000, 0x0000000089e00000, 0x0000000089f00000|  0%| F|  |TAMS 0x0000000089e00000| PB 0x0000000089e00000| Untracked |  0
|  81|0x0000000089f00000, 0x0000000089f00000, 0x000000008a000000|  0%| F|  |TAMS 0x0000000089f00000| PB 0x0000000089f00000| Untracked |  0
|  82|0x000000008a000000, 0x000000008a000000, 0x000000008a100000|  0%| F|  |TAMS 0x000000008a000000| PB 0x000000008a000000| Untracked |  0
|  83|0x000000008a100000, 0x000000008a100000, 0x000000008a200000|  0%| F|  |TAMS 0x000000008a100000| PB 0x000000008a100000| Untracked |  0
|  84|0x000000008a200000, 0x000000008a200000, 0x000000008a300000|  0%| F|  |TAMS 0x000000008a200000| PB 0x000000008a200000| Untracked |  0
|  85|0x000000008a300000, 0x000000008a300000, 0x000000008a400000|  0%| F|  |TAMS 0x000000008a300000| PB 0x000000008a300000| Untracked |  0
|  86|0x000000008a400000, 0x000000008a400000, 0x000000008a500000|  0%| F|  |TAMS 0x000000008a400000| PB 0x000000008a400000| Untracked |  0
|  87|0x000000008a500000, 0x000000008a500000, 0x000000008a600000|  0%| F|  |TAMS 0x000000008a500000| PB 0x000000008a500000| Untracked |  0
|  88|0x000000008a600000, 0x000000008a600000, 0x000000008a700000|  0%| F|  |TAMS 0x000000008a600000| PB 0x000000008a600000| Untracked |  0
|  89|0x000000008a700000, 0x000000008a700000, 0x000000008a800000|  0%| F|  |TAMS 0x000000008a700000| PB 0x000000008a700000| Untracked |  0
|  90|0x000000008a800000, 0x000000008a800000, 0x000000008a900000|  0%| F|  |TAMS 0x000000008a800000| PB 0x000000008a800000| Untracked |  0
|  91|0x000000008a900000, 0x000000008a900000, 0x000000008aa00000|  0%| F|  |TAMS 0x000000008a900000| PB 0x000000008a900000| Untracked |  0
|  92|0x000000008aa00000, 0x000000008aa00000, 0x000000008ab00000|  0%| F|  |TAMS 0x000000008aa00000| PB 0x000000008aa00000| Untracked |  0
|  93|0x000000008ab00000, 0x000000008ab00000, 0x000000008ac00000|  0%| F|  |TAMS 0x000000008ab00000| PB 0x000000008ab00000| Untracked |  0
|  94|0x000000008ac00000, 0x000000008ac00000, 0x000000008ad00000|  0%| F|  |TAMS 0x000000008ac00000| PB 0x000000008ac00000| Untracked |  0
|  95|0x000000008ad00000, 0x000000008ad00000, 0x000000008ae00000|  0%| F|  |TAMS 0x000000008ad00000| PB 0x000000008ad00000| Untracked |  0
|  96|0x000000008ae00000, 0x000000008af00000, 0x000000008af00000|100%| E|  |TAMS 0x000000008ae00000| PB 0x000000008ae00000| Complete |  0
|  97|0x000000008af00000, 0x000000008b000000, 0x000000008b000000|100%| E|CS|TAMS 0x000000008af00000| PB 0x000000008af00000| Complete |  0
|  98|0x000000008b000000, 0x000000008b100000, 0x000000008b100000|100%| E|CS|TAMS 0x000000008b000000| PB 0x000000008b000000| Complete |  0
|  99|0x000000008b100000, 0x000000008b200000, 0x000000008b200000|100%| E|CS|TAMS 0x000000008b100000| PB 0x000000008b100000| Complete |  0
| 100|0x000000008b200000, 0x000000008b300000, 0x000000008b300000|100%| E|CS|TAMS 0x000000008b200000| PB 0x000000008b200000| Complete |  0
| 101|0x000000008b300000, 0x000000008b400000, 0x000000008b400000|100%| E|CS|TAMS 0x000000008b300000| PB 0x000000008b300000| Complete |  0
| 102|0x000000008b400000, 0x000000008b500000, 0x000000008b500000|100%| E|CS|TAMS 0x000000008b400000| PB 0x000000008b400000| Complete |  0
| 103|0x000000008b500000, 0x000000008b600000, 0x000000008b600000|100%| E|CS|TAMS 0x000000008b500000| PB 0x000000008b500000| Complete |  0
| 104|0x000000008b600000, 0x000000008b700000, 0x000000008b700000|100%| E|CS|TAMS 0x000000008b600000| PB 0x000000008b600000| Complete |  0
| 105|0x000000008b700000, 0x000000008b800000, 0x000000008b800000|100%| E|CS|TAMS 0x000000008b700000| PB 0x000000008b700000| Complete |  0
| 106|0x000000008b800000, 0x000000008b900000, 0x000000008b900000|100%| E|CS|TAMS 0x000000008b800000| PB 0x000000008b800000| Complete |  0
| 107|0x000000008b900000, 0x000000008ba00000, 0x000000008ba00000|100%| E|CS|TAMS 0x000000008b900000| PB 0x000000008b900000| Complete |  0
| 108|0x000000008ba00000, 0x000000008bb00000, 0x000000008bb00000|100%| E|CS|TAMS 0x000000008ba00000| PB 0x000000008ba00000| Complete |  0
| 109|0x000000008bb00000, 0x000000008bc00000, 0x000000008bc00000|100%| E|CS|TAMS 0x000000008bb00000| PB 0x000000008bb00000| Complete |  0
| 110|0x000000008bc00000, 0x000000008bd00000, 0x000000008bd00000|100%| E|CS|TAMS 0x000000008bc00000| PB 0x000000008bc00000| Complete |  0
| 111|0x000000008bd00000, 0x000000008be00000, 0x000000008be00000|100%| E|CS|TAMS 0x000000008bd00000| PB 0x000000008bd00000| Complete |  0
| 112|0x000000008be00000, 0x000000008bf00000, 0x000000008bf00000|100%| E|CS|TAMS 0x000000008be00000| PB 0x000000008be00000| Complete |  0
| 113|0x000000008bf00000, 0x000000008c000000, 0x000000008c000000|100%| E|CS|TAMS 0x000000008bf00000| PB 0x000000008bf00000| Complete |  0
| 114|0x000000008c000000, 0x000000008c100000, 0x000000008c100000|100%| E|CS|TAMS 0x000000008c000000| PB 0x000000008c000000| Complete |  0
| 115|0x000000008c100000, 0x000000008c200000, 0x000000008c200000|100%| E|CS|TAMS 0x000000008c100000| PB 0x000000008c100000| Complete |  0
| 116|0x000000008c200000, 0x000000008c300000, 0x000000008c300000|100%| E|CS|TAMS 0x000000008c200000| PB 0x000000008c200000| Complete |  0
| 117|0x000000008c300000, 0x000000008c400000, 0x000000008c400000|100%| E|CS|TAMS 0x000000008c300000| PB 0x000000008c300000| Complete |  0
| 118|0x000000008c400000, 0x000000008c500000, 0x000000008c500000|100%| E|CS|TAMS 0x000000008c400000| PB 0x000000008c400000| Complete |  0
| 119|0x000000008c500000, 0x000000008c600000, 0x000000008c600000|100%| E|CS|TAMS 0x000000008c500000| PB 0x000000008c500000| Complete |  0
| 120|0x000000008c600000, 0x000000008c700000, 0x000000008c700000|100%| E|CS|TAMS 0x000000008c600000| PB 0x000000008c600000| Complete |  0
| 121|0x000000008c700000, 0x000000008c800000, 0x000000008c800000|100%| E|CS|TAMS 0x000000008c700000| PB 0x000000008c700000| Complete |  0
| 122|0x000000008c800000, 0x000000008c900000, 0x000000008c900000|100%| E|CS|TAMS 0x000000008c800000| PB 0x000000008c800000| Complete |  0
| 123|0x000000008c900000, 0x000000008ca00000, 0x000000008ca00000|100%| E|CS|TAMS 0x000000008c900000| PB 0x000000008c900000| Complete |  0
|1968|0x00000000ffe00000, 0x00000000fff00000, 0x00000000fff00000|100%| O|  |TAMS 0x00000000ffe00000| PB 0x00000000ffe00000| Untracked |  0
|1969|0x00000000fff00000, 0x00000000fff25608, 0x0000000100000000| 14%| O|  |TAMS 0x00000000fff00000| PB 0x00000000fff00000| Untracked |  0

Card table byte_map: [0x0000013b68090000,0x0000013b68470000] _byte_map_base: 0x0000013b67c69000

Marking Bits: (CMBitMap*) 0x0000013b4ff41dd0
 Bits: [0x0000013b68470000, 0x0000013b6a338000)

Polling page: 0x0000013b4dd30000

Metaspace:
Metaspace        used 7935K, committed 8128K, reserved 1114112K
 class space     used 326K, committed 384K, reserved 1048576K

Usage:
  Non-class:      7.43 MB used.
      Class:    326.98 KB used.
       Both:      7.75 MB used.

Virtual space:
  Non-class space:       64.00 MB reserved,       7.56 MB ( 12%) committed,  1 nodes.
      Class space:        1.00 GB reserved,     384.00 KB ( <1%) committed,  1 nodes.
             Both:        1.06 GB reserved,       7.94 MB ( <1%) committed. 

Chunk freelists:
   Non-Class:  6.53 MB
       Class:  15.53 MB
        Both:  22.06 MB

MaxMetaspaceSize: unlimited
CompressedClassSpaceSize: 1.00 GB
Initial GC threshold: 21.00 MB
Current GC threshold: 21.00 MB
CDS: on
 - commit_granule_bytes: 65536.
 - commit_granule_words: 8192.
 - virtual_space_node_default_size: 8388608.
 - enlarge_chunks_in_place: 1.
UseCompressedClassPointers 1, UseCompactObjectHeaders 0
Narrow klass pointer bits 32, Max shift 3
Narrow klass base: 0x0000000029000000, Narrow klass shift: 0
Encoding Range: [0x0000000029000000 - 0x0000000129000000), (4294967296 bytes)
Klass Range:    [0x0000000029010000 - 0x000000006a000000), (1090453504 bytes)
Klass ID Range:  [65536 - 1090519033) (1090453497)
Protection zone: [0x0000000029000000 - 0x0000000029010000), (65536 bytes)


Internal statistics:

num_allocs_failed_limit: 0.
num_arena_births: 94.
num_arena_deaths: 0.
num_vsnodes_births: 2.
num_vsnodes_deaths: 0.
num_space_committed: 126.
num_space_uncommitted: 0.
num_chunks_returned_to_freelist: 0.
num_chunks_taken_from_freelist: 315.
num_chunk_merges: 0.
num_chunk_splits: 238.
num_chunks_enlarged: 193.
num_inconsistent_stats: 0.

CodeHeap 'non-profiled nmethods': size=120064Kb used=432Kb max_used=432Kb free=119631Kb
 bounds [0x0000013b60220000, 0x0000013b60490000, 0x0000013b67760000]
CodeHeap 'profiled nmethods': size=120000Kb used=1839Kb max_used=1839Kb free=118160Kb
 bounds [0x0000013b58760000, 0x0000013b589d0000, 0x0000013b5fc90000]
CodeHeap 'non-nmethods': size=5696Kb used=2236Kb max_used=2250Kb free=3459Kb
 bounds [0x0000013b5fc90000, 0x0000013b5ff00000, 0x0000013b60220000]
CodeCache: size=245760Kb, used=4507Kb, max_used=4521Kb, free=241250Kb
 total_blobs=2897, nmethods=1504, adapters=1297, full_count=0
Compilation: enabled, stopped_count=0, restarted_count=0

Compilation events (20 events):
Event: 1.846 Thread 0x0000013b6cf9efc0 nmethod 1494 0x0000013b58929c88 code [0x0000013b58929d80, 0x0000013b58929f90]
Event: 1.846 Thread 0x0000013b6cf9efc0 1493       1       java.lang.invoke.MethodHandleNatives::isPullModeBSM (2 bytes)
Event: 1.846 Thread 0x0000013b6cf7e270 nmethod 1495 0x0000013b6028b888 code [0x0000013b6028b980, 0x0000013b6028ba00]
Event: 1.846 Thread 0x0000013b6cf9efc0 nmethod 1493 0x0000013b6028bb88 code [0x0000013b6028bc80, 0x0000013b6028bd28]
Event: 1.846 Thread 0x0000013b6cf7e270 1496       4       sun.misc.Unsafe::putLong (14 bytes)
Event: 1.847 Thread 0x0000013b6cf7e270 nmethod 1496 0x0000013b6028be88 code [0x0000013b6028bf80, 0x0000013b6028c020]
Event: 1.859 Thread 0x0000013b6cf9efc0 1499       3       java.util.ArrayDeque::addLast (51 bytes)
Event: 1.860 Thread 0x0000013b6cf9efc0 nmethod 1499 0x0000013b5892a008 code [0x0000013b5892a100, 0x0000013b5892a578]
Event: 1.860 Thread 0x0000013b6cf9efc0 1498   !   3       java.util.zip.Inflater::reset (64 bytes)
Event: 1.860 Thread 0x0000013b6cf9efc0 nmethod 1498 0x0000013b5892a588 code [0x0000013b5892a680, 0x0000013b5892aa78]
Event: 1.861 Thread 0x0000013b6cf9efc0 1500       3       java.util.concurrent.ConcurrentHashMap$BaseIterator::<init> (21 bytes)
Event: 1.861 Thread 0x0000013b6cf9efc0 nmethod 1500 0x0000013b5892aa88 code [0x0000013b5892ab80, 0x0000013b5892add8]
Event: 1.861 Thread 0x0000013b6cf9efc0 1501       3       java.util.concurrent.ConcurrentHashMap$Traverser::<init> (36 bytes)
Event: 1.861 Thread 0x0000013b6cf9efc0 nmethod 1501 0x0000013b5892ae08 code [0x0000013b5892af00, 0x0000013b5892b100]
Event: 1.861 Thread 0x0000013b6cf9efc0 1502       3       java.util.concurrent.ConcurrentHashMap::values (25 bytes)
Event: 1.862 Thread 0x0000013b6cf9efc0 nmethod 1502 0x0000013b5892b108 code [0x0000013b5892b200, 0x0000013b5892b588]
Event: 1.862 Thread 0x0000013b6cf9efc0 1503       3       java.util.concurrent.ConcurrentHashMap$ValuesView::iterator (34 bytes)
Event: 1.862 Thread 0x0000013b6cf9efc0 nmethod 1503 0x0000013b5892b608 code [0x0000013b5892b700, 0x0000013b5892b918]
Event: 1.862 Thread 0x0000013b6cf9efc0 1504       3       java.util.concurrent.ConcurrentHashMap$ValueIterator::<init> (12 bytes)
Event: 1.862 Thread 0x0000013b6cf9efc0 nmethod 1504 0x0000013b5892b988 code [0x0000013b5892ba80, 0x0000013b5892bbb0]

GC Heap Usage History (0 events):
No events

Metaspace Usage History (0 events):
No events

Dll operation events (10 events):
Event: 0.018 Loaded shared library C:\Program Files\Java\jdk-25\bin\java.dll
Event: 0.111 Loaded shared library C:\Program Files\Java\jdk-25\bin\net.dll
Event: 0.116 Loaded shared library C:\Program Files\Java\jdk-25\bin\nio.dll
Event: 0.166 Loaded shared library C:\Program Files\Java\jdk-25\bin\zip.dll
Event: 0.456 Loaded shared library C:\Program Files\Java\jdk-25\bin\jimage.dll
Event: 0.484 Loaded shared library C:\Users\mts18\lwjgl-3.3.6\native\lwjgl.dll
Event: 0.872 Loaded shared library C:\Program Files\Java\jdk-25\bin\verify.dll
Event: 0.969 Loaded shared library C:\Users\mts18\lwjgl-3.3.6\native\lwjgl_opengl.dll
Event: 1.107 Loaded shared library C:\Users\mts18\imgui-java\native\imgui-java64.dll
Event: 1.497 Loaded shared library C:\Users\mts18\lwjgl-3.3.6\native\lwjgl_stb.dll

Deoptimization events (20 events):
Event: 1.503 Thread 0x0000013b4daa9360 DEOPT PACKING pc=0x0000013b6026f284 sp=0x0000002b96afd850
Event: 1.503 Thread 0x0000013b4daa9360 DEOPT UNPACKING pc=0x0000013b5fdadb82 sp=0x0000002b96afd7b8 mode 2
Event: 1.629 Thread 0x0000013b4daa9360 Uncommon trap: trap_request=0xffffff45 fr.pc=0x0000013b60278034 relative=0x0000000000000334
Event: 1.629 Thread 0x0000013b4daa9360 Uncommon trap: reason=unstable_if action=reinterpret pc=0x0000013b60278034 method=java.util.zip.Inflater.inflate([BII)I @ 31 c2
Event: 1.629 Thread 0x0000013b4daa9360 DEOPT PACKING pc=0x0000013b60278034 sp=0x0000002b96afe4f0
Event: 1.629 Thread 0x0000013b4daa9360 DEOPT UNPACKING pc=0x0000013b5fdadb82 sp=0x0000002b96afe460 mode 2
Event: 1.641 Thread 0x0000013b4daa9360 DEOPT PACKING pc=0x0000013b58920b8f sp=0x0000002b96afe5b0
Event: 1.641 Thread 0x0000013b4daa9360 DEOPT UNPACKING pc=0x0000013b5fce1702 sp=0x0000002b96afd9d0 mode 0
Event: 1.644 Thread 0x0000013b4daa9360 DEOPT PACKING pc=0x0000013b588bc085 sp=0x0000002b96afe580
Event: 1.644 Thread 0x0000013b4daa9360 DEOPT UNPACKING pc=0x0000013b5fce1702 sp=0x0000002b96afda18 mode 0
Event: 1.647 Thread 0x0000013b4daa9360 DEOPT PACKING pc=0x0000013b588bc085 sp=0x0000002b96afe580
Event: 1.647 Thread 0x0000013b4daa9360 DEOPT UNPACKING pc=0x0000013b5fce1702 sp=0x0000002b96afda18 mode 0
Event: 1.713 Thread 0x0000013b4daa9360 Uncommon trap: trap_request=0xffffffde fr.pc=0x0000013b6026f284 relative=0x0000000000000284
Event: 1.713 Thread 0x0000013b4daa9360 Uncommon trap: reason=class_check action=maybe_recompile pc=0x0000013b6026f284 method=java.util.HashMap.getNode(Ljava/lang/Object;)Ljava/util/HashMap$Node; @ 128 c2
Event: 1.713 Thread 0x0000013b4daa9360 DEOPT PACKING pc=0x0000013b6026f284 sp=0x0000002b96afe0e0
Event: 1.713 Thread 0x0000013b4daa9360 DEOPT UNPACKING pc=0x0000013b5fdadb82 sp=0x0000002b96afe048 mode 2
Event: 1.845 Thread 0x0000013b4daa9360 Uncommon trap: trap_request=0xffffff4c fr.pc=0x0000013b6028b3d8 relative=0x0000000000000058
Event: 1.845 Thread 0x0000013b4daa9360 Uncommon trap: reason=speculate_null_assert action=make_not_entrant pc=0x0000013b6028b3d8 method=sun.misc.Unsafe.getLong(Ljava/lang/Object;J)J @ 8 c2
Event: 1.845 Thread 0x0000013b4daa9360 DEOPT PACKING pc=0x0000013b6028b3d8 sp=0x0000002b96aff2f0
Event: 1.845 Thread 0x0000013b4daa9360 DEOPT UNPACKING pc=0x0000013b5fdadb82 sp=0x0000002b96aff278 mode 2

Classes loaded (20 events):
Event: 1.733 Loading class java/util/stream/Sink$OfInt
Event: 1.734 Loading class java/util/stream/Sink$OfInt done
Event: 1.734 Loading class java/util/stream/Node$Builder$OfInt done
Event: 1.734 Loading class java/util/stream/Nodes$IntArrayNode
Event: 1.734 Loading class java/util/stream/Nodes$IntArrayNode done
Event: 1.734 Loading class java/util/stream/Nodes$IntFixedNodeBuilder done
Event: 1.735 Loading class java/util/stream/ReferencePipeline$4$1
Event: 1.735 Loading class java/util/stream/ReferencePipeline$4$1 done
Event: 1.805 Loading class sun/nio/cs/UTF_8$Decoder
Event: 1.806 Loading class sun/nio/cs/UTF_8$Decoder done
Event: 1.806 Loading class java/io/InputStreamReader
Event: 1.807 Loading class java/io/Reader
Event: 1.807 Loading class java/io/Reader done
Event: 1.807 Loading class java/io/InputStreamReader done
Event: 1.810 Loading class sun/nio/cs/StreamDecoder
Event: 1.811 Loading class sun/nio/cs/StreamDecoder done
Event: 1.811 Loading class java/io/BufferedReader
Event: 1.812 Loading class java/io/BufferedReader done
Event: 1.819 Loading class java/lang/NumberFormatException
Event: 1.820 Loading class java/lang/NumberFormatException done

Classes unloaded (0 events):
No events

Classes redefined (0 events):
No events

Internal exceptions (20 events):
Event: 1.482 Thread 0x0000013b4daa9360 Exception <a 'sun/nio/fs/WindowsException'{0x000000008afb4b08}> (0x000000008afb4b08) 
thrown [s\open\src\hotspot\share\prims\jni.cpp, line 516]
Event: 1.499 Thread 0x0000013b4daa9360 Exception <a 'sun/nio/fs/WindowsException'{0x000000008afb5fd0}> (0x000000008afb5fd0) 
thrown [s\open\src\hotspot\share\prims\jni.cpp, line 516]
Event: 1.499 Thread 0x0000013b4daa9360 Exception <a 'sun/nio/fs/WindowsException'{0x000000008afb62c0}> (0x000000008afb62c0) 
thrown [s\open\src\hotspot\share\prims\jni.cpp, line 516]
Event: 1.499 Thread 0x0000013b4daa9360 Exception <a 'sun/nio/fs/WindowsException'{0x000000008afb6c58}> (0x000000008afb6c58) 
thrown [s\open\src\hotspot\share\prims\jni.cpp, line 516]
Event: 1.499 Thread 0x0000013b4daa9360 Exception <a 'sun/nio/fs/WindowsException'{0x000000008afb6f40}> (0x000000008afb6f40) 
thrown [s\open\src\hotspot\share\prims\jni.cpp, line 516]
Event: 1.502 Thread 0x0000013b4daa9360 Exception <a 'sun/nio/fs/WindowsException'{0x000000008afb8fc0}> (0x000000008afb8fc0) 
thrown [s\open\src\hotspot\share\prims\jni.cpp, line 516]
Event: 1.557 Thread 0x0000013b4daa9360 Exception <a 'sun/nio/fs/WindowsException'{0x000000008ae2fd60}> (0x000000008ae2fd60) 
thrown [s\open\src\hotspot\share\prims\jni.cpp, line 516]
Event: 1.558 Thread 0x0000013b4daa9360 Exception <a 'sun/nio/fs/WindowsException'{0x000000008ae30490}> (0x000000008ae30490) 
thrown [s\open\src\hotspot\share\prims\jni.cpp, line 516]
Event: 1.558 Thread 0x0000013b4daa9360 Exception <a 'sun/nio/fs/WindowsException'{0x000000008ae30f10}> (0x000000008ae30f10) 
thrown [s\open\src\hotspot\share\prims\jni.cpp, line 516]
Event: 1.558 Thread 0x0000013b4daa9360 Exception <a 'sun/nio/fs/WindowsException'{0x000000008ae311f8}> (0x000000008ae311f8) 
thrown [s\open\src\hotspot\share\prims\jni.cpp, line 516]
Event: 1.559 Thread 0x0000013b4daa9360 Exception <a 'sun/nio/fs/WindowsException'{0x000000008ae31b90}> (0x000000008ae31b90) 
thrown [s\open\src\hotspot\share\prims\jni.cpp, line 516]
Event: 1.559 Thread 0x0000013b4daa9360 Exception <a 'sun/nio/fs/WindowsException'{0x000000008ae31e70}> (0x000000008ae31e70) 
thrown [s\open\src\hotspot\share\prims\jni.cpp, line 516]
Event: 1.583 Thread 0x0000013b4daa9360 Exception <a 'sun/nio/fs/WindowsException'{0x000000008ae33bf8}> (0x000000008ae33bf8) 
thrown [s\open\src\hotspot\share\prims\jni.cpp, line 516]
Event: 1.596 Thread 0x0000013b4daa9360 Exception <a 'sun/nio/fs/WindowsException'{0x000000008ae3b420}> (0x000000008ae3b420) 
thrown [s\open\src\hotspot\share\prims\jni.cpp, line 516]
Event: 1.598 Thread 0x0000013b4daa9360 Exception <a 'sun/nio/fs/WindowsException'{0x000000008ae3bb50}> (0x000000008ae3bb50) 
thrown [s\open\src\hotspot\share\prims\jni.cpp, line 516]
Event: 1.598 Thread 0x0000013b4daa9360 Exception <a 'sun/nio/fs/WindowsException'{0x000000008ae3c5f8}> (0x000000008ae3c5f8) 
thrown [s\open\src\hotspot\share\prims\jni.cpp, line 516]
Event: 1.598 Thread 0x0000013b4daa9360 Exception <a 'sun/nio/fs/WindowsException'{0x000000008ae3c8e8}> (0x000000008ae3c8e8) 
thrown [s\open\src\hotspot\share\prims\jni.cpp, line 516]
Event: 1.599 Thread 0x0000013b4daa9360 Exception <a 'sun/nio/fs/WindowsException'{0x000000008ae3d280}> (0x000000008ae3d280) 
thrown [s\open\src\hotspot\share\prims\jni.cpp, line 516]
Event: 1.599 Thread 0x0000013b4daa9360 Exception <a 'sun/nio/fs/WindowsException'{0x000000008ae3d568}> (0x000000008ae3d568) 
thrown [s\open\src\hotspot\share\prims\jni.cpp, line 516]
Event: 1.628 Thread 0x0000013b4daa9360 Exception <a 'sun/nio/fs/WindowsException'{0x000000008ae3ef50}> (0x000000008ae3ef50) 
thrown [s\open\src\hotspot\share\prims\jni.cpp, line 516]

VM Operations (16 events):
Event: 0.368 Executing non-safepoint VM operation: HandshakeAllThreads (Deoptimize)
Event: 0.368 Executing non-safepoint VM operation: HandshakeAllThreads (Deoptimize) done
Event: 0.380 Executing non-safepoint VM operation: HandshakeAllThreads (Deoptimize)
Event: 0.380 Executing non-safepoint VM operation: HandshakeAllThreads (Deoptimize) done
Event: 0.390 Executing non-safepoint VM operation: HandshakeAllThreads (Deoptimize)
Event: 0.390 Executing non-safepoint VM operation: HandshakeAllThreads (Deoptimize) done
Event: 0.446 Executing non-safepoint VM operation: HandshakeAllThreads (Deoptimize)
Event: 0.446 Executing non-safepoint VM operation: HandshakeAllThreads (Deoptimize) done
Event: 0.496 Executing non-safepoint VM operation: HandshakeAllThreads (Deoptimize)
Event: 0.496 Executing non-safepoint VM operation: HandshakeAllThreads (Deoptimize) done
Event: 0.496 Executing non-safepoint VM operation: HandshakeAllThreads (Deoptimize)
Event: 0.496 Executing non-safepoint VM operation: HandshakeAllThreads (Deoptimize) done
Event: 1.298 Executing non-safepoint VM operation: HandshakeAllThreads (Deoptimize)
Event: 1.298 Executing non-safepoint VM operation: HandshakeAllThreads (Deoptimize) done
Event: 1.316 Executing non-safepoint VM operation: HandshakeAllThreads (Deoptimize)
Event: 1.316 Executing non-safepoint VM operation: HandshakeAllThreads (Deoptimize) done

Memory protections (0 events):
No events

Nmethod flushes (0 events):
No events

Events (15 events):
Event: 0.043 Thread 0x0000013b4daa9360 Thread added: 0x0000013b4daa9360
Event: 0.062 Thread 0x0000013b4daa9360 Thread added: 0x0000013b6cf5ef20
Event: 0.062 Thread 0x0000013b4daa9360 Thread added: 0x0000013b6cf5f6f0
Event: 0.062 Thread 0x0000013b4daa9360 Thread added: 0x0000013b6cf5df80
Event: 0.062 Thread 0x0000013b4daa9360 Thread added: 0x0000013b6cf5d7b0
Event: 0.062 Thread 0x0000013b4daa9360 Thread added: 0x0000013b6cf5fec0
Event: 0.063 Thread 0x0000013b4daa9360 Thread added: 0x0000013b6cf5e750
Event: 0.063 Thread 0x0000013b4daa9360 Thread added: 0x0000013b6cf7e270
Event: 0.063 Thread 0x0000013b4daa9360 Thread added: 0x0000013b6cf9efc0
Event: 0.107 Thread 0x0000013b4daa9360 Thread added: 0x0000013b6cf60690
Event: 0.198 Thread 0x0000013b6cf9efc0 Thread added: 0x0000013b711ceb80
Event: 0.206 Thread 0x0000013b711ceb80 Thread added: 0x0000013b711d2fa0
Event: 0.407 Thread 0x0000013b4daa9360 Thread added: 0x0000013b7113bff0
Event: 0.834 Thread 0x0000013b711d2fa0 Thread exited: 0x0000013b711d2fa0
Event: 0.834 Thread 0x0000013b711ceb80 Thread exited: 0x0000013b711ceb80


Dynamic libraries:
0x00007ff743890000 - 0x00007ff7438a0000 	C:\Program Files\Java\jdk-25\bin\javaw.exe
0x00007ffbbb820000 - 0x00007ffbbba87000 	C:\WINDOWS\SYSTEM32\ntdll.dll
0x00007ffbb98e0000 - 0x00007ffbb99a9000 	C:\WINDOWS\System32\KERNEL32.DLL
0x00007ffbb8f00000 - 0x00007ffbb92ef000 	C:\WINDOWS\System32\KERNELBASE.dll
0x00007ffbb8b10000 - 0x00007ffbb8c5b000 	C:\WINDOWS\System32\ucrtbase.dll
0x00007ffbb06d0000 - 0x00007ffbb06ee000 	C:\Program Files\Java\jdk-25\bin\VCRUNTIME140.dll
0x00007ffbb0670000 - 0x00007ffbb0687000 	C:\Program Files\Java\jdk-25\bin\jli.dll
0x00007ffbbadc0000 - 0x00007ffbbaf85000 	C:\WINDOWS\System32\USER32.dll
0x00007ffb99ec0000 - 0x00007ffb9a153000 	C:\WINDOWS\WinSxS\amd64_microsoft.windows.common-controls_6595b64144ccf1df_6.0.26100.7309_none_3e05feeae336a044\COMCTL32.dll
0x00007ffbb8970000 - 0x00007ffbb8997000 	C:\WINDOWS\System32\win32u.dll
0x00007ffbba0d0000 - 0x00007ffbba0fb000 	C:\WINDOWS\System32\GDI32.dll
0x00007ffbbb730000 - 0x00007ffbbb7d9000 	C:\WINDOWS\System32\msvcrt.dll
0x00007ffbb8dd0000 - 0x00007ffbb8efc000 	C:\WINDOWS\System32\gdi32full.dll
0x00007ffbb8d20000 - 0x00007ffbb8dc3000 	C:\WINDOWS\System32\msvcp_win.dll
0x00007ffbbb630000 - 0x00007ffbbb661000 	C:\WINDOWS\System32\IMM32.DLL
0x00007ffbb5080000 - 0x00007ffbb508c000 	C:\Program Files\Java\jdk-25\bin\vcruntime140_1.dll
0x00007ffb814c0000 - 0x00007ffb8154d000 	C:\Program Files\Java\jdk-25\bin\msvcp140.dll
0x00007ffb249d0000 - 0x00007ffb2582f000 	C:\Program Files\Java\jdk-25\bin\server\jvm.dll
0x00007ffbba010000 - 0x00007ffbba0c4000 	C:\WINDOWS\System32\ADVAPI32.dll
0x00007ffbbacb0000 - 0x00007ffbbad56000 	C:\WINDOWS\System32\sechost.dll
0x00007ffbb97b0000 - 0x00007ffbb98c8000 	C:\WINDOWS\System32\RPCRT4.dll
0x00007ffbb9ec0000 - 0x00007ffbb9f34000 	C:\WINDOWS\System32\WS2_32.dll
0x00007ffbb4f90000 - 0x00007ffbb4fc5000 	C:\WINDOWS\SYSTEM32\WINMM.dll
0x00007ffbaccc0000 - 0x00007ffbacccb000 	C:\WINDOWS\SYSTEM32\VERSION.dll
0x00007ffbb87f0000 - 0x00007ffbb884e000 	C:\WINDOWS\SYSTEM32\POWRPROF.dll
0x00007ffbb87d0000 - 0x00007ffbb87e4000 	C:\WINDOWS\SYSTEM32\UMPDC.dll
0x00007ffbb7720000 - 0x00007ffbb773b000 	C:\WINDOWS\SYSTEM32\kernel.appcore.dll
0x00007ffbb0750000 - 0x00007ffbb075a000 	C:\Program Files\Java\jdk-25\bin\jimage.dll
0x00007ffbb5fc0000 - 0x00007ffbb6202000 	C:\WINDOWS\SYSTEM32\DBGHELP.DLL
0x00007ffbbaf90000 - 0x00007ffbbb315000 	C:\WINDOWS\System32\combase.dll
0x00007ffbbb4c0000 - 0x00007ffbbb596000 	C:\WINDOWS\System32\OLEAUT32.dll
0x00007ffb99640000 - 0x00007ffb9967c000 	C:\WINDOWS\SYSTEM32\dbgcore.DLL
0x00007ffbb9300000 - 0x00007ffbb93a5000 	C:\WINDOWS\System32\bcryptPrimitives.dll
0x00007ffba4950000 - 0x00007ffba496f000 	C:\Program Files\Java\jdk-25\bin\java.dll
0x00007ffbbb320000 - 0x00007ffbbb4b7000 	C:\WINDOWS\System32\ole32.dll
0x00007ffbba550000 - 0x00007ffbbaca3000 	C:\WINDOWS\System32\SHELL32.dll
0x00007ffbb89a0000 - 0x00007ffbb8b0a000 	C:\WINDOWS\System32\wintypes.dll
0x00007ffbb6570000 - 0x00007ffbb6dce000 	C:\WINDOWS\SYSTEM32\windows.storage.dll
0x00007ffbb9630000 - 0x00007ffbb9725000 	C:\WINDOWS\System32\SHCORE.dll
0x00007ffbb95c0000 - 0x00007ffbb9626000 	C:\WINDOWS\System32\shlwapi.dll
0x00007ffbb8890000 - 0x00007ffbb88b9000 	C:\WINDOWS\SYSTEM32\profapi.dll
0x00007ffba4930000 - 0x00007ffba4942000 	C:\Program Files\Java\jdk-25\bin\net.dll
0x00007ffbb7c90000 - 0x00007ffbb7cfb000 	C:\WINDOWS\system32\mswsock.dll
0x00007ffb99380000 - 0x00007ffb99396000 	C:\Program Files\Java\jdk-25\bin\nio.dll
0x00007ffb96b30000 - 0x00007ffb96b47000 	C:\Program Files\Java\jdk-25\bin\zip.dll
0x00007ffb812f0000 - 0x00007ffb8136e000 	C:\Users\mts18\lwjgl-3.3.6\native\lwjgl.dll
0x00007ffb6fe40000 - 0x00007ffb6fec9000 	C:\Users\mts18\lwjgl-3.3.6\native\glfw.dll
0x00007ffb81600000 - 0x00007ffb8164b000 	C:\WINDOWS\SYSTEM32\dinput8.dll
0x00007ffb73f90000 - 0x00007ffb73fac000 	C:\WINDOWS\SYSTEM32\xinput1_4.dll
0x00007ffbb84e0000 - 0x00007ffbb8537000 	C:\WINDOWS\SYSTEM32\cfgmgr32.dll
0x00007ffbb84b0000 - 0x00007ffbb84dd000 	C:\WINDOWS\SYSTEM32\DEVOBJ.dll
0x00007ffbb59a0000 - 0x00007ffbb59d0000 	C:\WINDOWS\SYSTEM32\dwmapi.dll
0x00007ffba0210000 - 0x00007ffba03f5000 	C:\WINDOWS\SYSTEM32\inputhost.dll
0x00007ffbb4c40000 - 0x00007ffbb4d67000 	C:\WINDOWS\SYSTEM32\CoreMessaging.dll
0x00007ffbb5690000 - 0x00007ffbb573b000 	C:\WINDOWS\system32\uxtheme.dll
0x00007ffbba3e0000 - 0x00007ffbba53e000 	C:\WINDOWS\System32\MSCTF.dll
0x00007ffbb7f70000 - 0x00007ffbb7f7c000 	C:\WINDOWS\SYSTEM32\CRYPTBASE.DLL
0x00007ffb4a5c0000 - 0x00007ffb4a6d0000 	C:\WINDOWS\SYSTEM32\opengl32.dll
0x00007ffb96aa0000 - 0x00007ffb96acd000 	C:\WINDOWS\SYSTEM32\GLU32.dll
0x00007ffbb5950000 - 0x00007ffbb5994000 	C:\WINDOWS\SYSTEM32\dxcore.dll
0x00007ffbb0590000 - 0x00007ffbb05f3000 	C:\WINDOWS\SYSTEM32\directxdatabasehelper.dll
0x00007ffba38c0000 - 0x00007ffba38da000 	C:\WINDOWS\SYSTEM32\windows.staterepositorycore.dll
0x00007ffb0fb40000 - 0x00007ffb11092000 	C:\WINDOWS\System32\DriverStore\FileRepository\iigd_dch.inf_amd64_d71a22cbbfee3077\igxelpicd64.dll
0x00007ffb7f3c0000 - 0x00007ffb7f3e3000 	C:\WINDOWS\SYSTEM32\d3d12.dll
0x00007ffbb57e0000 - 0x00007ffbb591b000 	C:\WINDOWS\SYSTEM32\dxgi.dll
0x00007ffb4b640000 - 0x00007ffb4b7e1000 	C:\WINDOWS\System32\DriverStore\FileRepository\iigd_dch.inf_amd64_d71a22cbbfee3077\igdml64.dll
0x00007ffbac710000 - 0x00007ffbaccbb000 	C:\WINDOWS\System32\DriverStore\FileRepository\iigd_dch.inf_amd64_d71a22cbbfee3077\igdgmm64.dll
0x00007ffba71f0000 - 0x00007ffbac4a4000 	C:\WINDOWS\System32\DriverStore\FileRepository\iigd_dch.inf_amd64_d71a22cbbfee3077\igc64.dll
0x00007ffba4990000 - 0x00007ffba49a0000 	C:\Program Files\Java\jdk-25\bin\verify.dll
0x00007ffba00c0000 - 0x00007ffba0208000 	C:\WINDOWS\SYSTEM32\textinputframework.dll
0x00007ffbafd60000 - 0x00007ffbb0042000 	C:\WINDOWS\SYSTEM32\CoreUIComponents.dll
0x00007ffb81bb0000 - 0x00007ffb81c29000 	C:\WINDOWS\system32\Oleacc.dll
0x00007ffb6fc90000 - 0x00007ffb6fced000 	C:\Users\mts18\lwjgl-3.3.6\native\lwjgl_opengl.dll
0x00007ffb29ce0000 - 0x00007ffb2a4e7000 	C:\Users\mts18\imgui-java\native\imgui-java64.dll
0x00007ffb6f990000 - 0x00007ffb6fa29000 	C:\Users\mts18\lwjgl-3.3.6\native\lwjgl_stb.dll
0x00007ffb46850000 - 0x00007ffb46983000 	C:\Users\mts18\lwjgl-3.3.6\native\draco.dll
0x00007ffb292a0000 - 0x00007ffb297ff000 	C:\Users\mts18\lwjgl-3.3.6\native\assimp.dll

JVMTI agents: none

dbghelp: loaded successfully - version: 4.0.5 - missing functions: none
symbol engine: initialized successfully - sym options: 0x614 - pdb path: .;C:\Program Files\Java\jdk-25\bin;C:\WINDOWS\SYSTEM32;C:\WINDOWS\WinSxS\amd64_microsoft.windows.common-controls_6595b64144ccf1df_6.0.26100.7309_none_3e05feeae336a044;C:\Program Files\Java\jdk-25\bin\server;C:\Users\mts18\lwjgl-3.3.6\native;C:\WINDOWS\System32\DriverStore\FileRepository\iigd_dch.inf_amd64_d71a22cbbfee3077;C:\Users\mts18\imgui-java\native

VM Arguments:
jvm_args: --enable-native-access=org.lwjgl,org.lwjgl.opengl,org.lwjgl.stb,imgui.binding --sun-misc-unsafe-memory-access=allow -Djava.library.path=C:\Users\mts18\lwjgl-3.3.6\native;C:\Users\mts18\imgui-java\native -Dfile.encoding=UTF-8 -Dstdout.encoding=UTF-8 -Dstderr.encoding=UTF-8 --module-path=C:\Users\mts18\git\repository\graphics3d\bin;C:\Users\mts18\lwjgl-3.3.6\library\lwjgl.jar;C:\Users\mts18\lwjgl-3.3.6\library\lwjgl-assimp.jar;C:\Users\mts18\lwjgl-3.3.6\library\lwjgl-assimp-natives-windows.jar;C:\Users\mts18\lwjgl-3.3.6\library\lwjgl-bgfx.jar;C:\Users\mts18\lwjgl-3.3.6\library\lwjgl-bgfx-natives-windows.jar;C:\Users\mts18\lwjgl-3.3.6\library\lwjgl-cuda.jar;C:\Users\mts18\lwjgl-3.3.6\library\lwjgl-egl.jar;C:\Users\mts18\lwjgl-3.3.6\library\lwjgl-fmod.jar;C:\Users\mts18\lwjgl-3.3.6\library\lwjgl-freetype.jar;C:\Users\mts18\lwjgl-3.3.6\library\lwjgl-freetype-natives-windows.jar;C:\Users\mts18\lwjgl-3.3.6\library\lwjgl-glfw.jar;C:\Users\mts18\lwjgl-3.3.6\library\lwjgl-glfw-natives-windows.jar;C:\Users\mts18\lwjgl-3.3.6\library\lwjgl-harfbuzz.jar;C:\Users\mts18\lwjgl-3.3.6\library\lwjgl-harfbuzz-natives-windows.jar;C:\Users\mts18\lwjgl-3.3.6\library\lwjgl-hwloc.jar;C:\Users\mts18\lwjgl-3.3.6\library\lwjgl-hwloc-natives-windows.jar;C:\Users\mts18\lwjgl-3.3.6\library\lwjgl-jawt.jar;C:\Users\mts18\lwjgl-3.3.6\library\lwjgl-jemalloc.jar;C:\Users\mts18\lwjgl-3.3.6\library\lwjgl-jemalloc-natives-windows.jar;C:\Users\mts18\lwjgl-3.3.6\library\lwjgl-ktx.jar;C:\Users\mts18\lwjgl-3.3.6\library\lwjgl-ktx-natives-windows.jar;C:\Users\mts18\lwjgl-3.3.6\library\lwjgl-libdivide.jar;C:\Users\mts18\lwjgl-3.3.6\library\lwjgl-libdivide-natives-windows.jar;C:\Users\mts18\lwjgl-3.3.6\library\lwjgl-llvm.jar;C:\Users\mts18\lwjgl-3.3.6\library\lwjgl-llvm-natives-windows.jar;C:\Users\mts18\lwjgl-3.3.6\library\lwjgl-lmdb.jar;C:\Users\mts18\lwjgl-3.3.6\library\lwjgl-lmdb-natives-windows.jar;C:\Users\mts18\lwjgl-3.3.6\library\lwjgl-lz4.jar;C:\Users\mts18\lwjgl-3.3.6\library\lwjgl-lz4-natives-windows.jar;C:\Users\mts18\lwjgl-3.3.6\library\lwjgl-meow.jar;C:\Users\mts18\lwjgl-3.3.6\library\lwjgl-meow-natives-windows.jar;C:\Users\mts18\lwjgl-3.3.6\library\lwjgl-meshoptimizer.jar;C:\Users\mts18\lwjgl-3.3.6\library\lwjgl-meshoptimizer-natives-windows.jar;C:\Users\mts18\lwj-XX:+ShowCodeDetailsInExceptionMessages -Djdk.module.main=graphics3d 
java_command: graphics3d/graphics3d.Graphics3D
java_class_path (initial): <not set>
Launcher Type: SUN_STANDARD

[Global flags]
     intx CICompilerCount                          = 4                                         {product} {ergonomic}
     uint ConcGCThreads                            = 3                                         {product} {ergonomic}
     uint G1ConcRefinementThreads                  = 10                                        {product} {ergonomic}
   size_t G1HeapRegionSize                         = 1048576                                   {product} {ergonomic}
   size_t InitialHeapSize                          = 130023424                                 {product} {ergonomic}
   size_t MarkStackSize                            = 4194304                                   {product} {ergonomic}
   size_t MarkStackSizeMax                         = 536870912                                 {product} {ergonomic}
   size_t MaxHeapSize                              = 2065694720                                {product} {ergonomic}
   size_t MaxNewSize                               = 1239416832                                {product} {ergonomic}
   size_t MinHeapDeltaBytes                        = 1048576                                   {product} {ergonomic}
   size_t MinHeapSize                              = 8388608                                   {product} {ergonomic}
    uintx NonNMethodCodeHeapSize                   = 5832704                                {pd product} {ergonomic}
    uintx NonProfiledCodeHeapSize                  = 122945536                              {pd product} {ergonomic}
    uintx ProfiledCodeHeapSize                     = 122880000                              {pd product} {ergonomic}
    uintx ReservedCodeCacheSize                    = 251658240                              {pd product} {ergonomic}
     bool SegmentedCodeCache                       = true                                      {product} {ergonomic}
     bool ShowCodeDetailsInExceptionMessages       = true                                   {manageable} {command line}
   size_t SoftMaxHeapSize                          = 2065694720                             {manageable} {ergonomic}
     bool UseCompressedOops                        = true                           {product lp64_product} {ergonomic}
     bool UseG1GC                                  = true                                      {product} {ergonomic}
     bool UseLargePagesIndividualAllocation        = false                                  {pd product} {ergonomic}

Logging:
Log output configuration:
 #0: stdout all=warning uptime,level,tags foldmultilines=false
 #1: stderr all=off uptime,level,tags foldmultilines=false

Release file:
IMPLEMENTOR="Oracle Corporation" 
JAVA_RUNTIME_VERSION="25+37-LTS-3491" 
JAVA_VERSION="25" 
JAVA_VERSION_DATE="2025-09-16" 
LIBC="default" 
MODULES="java.base java.compiler java.datatransfer java.xml java.prefs java.desktop java.instrument java.logging java.management java.security.sasl java.naming java.rmi java.management.rmi java.net.http java.scripting java.security.jgss java.transaction.xa java.sql java.sql.rowset java.xml.crypto java.se java.smartcardio jdk.accessibility jdk.internal.jvmstat jdk.attach jdk.charsets jdk.internal.opt jdk.zipfs jdk.compiler jdk.crypto.cryptoki jdk.crypto.ec jdk.crypto.mscapi jdk.dynalink jdk.internal.ed jdk.editpad jdk.internal.vm.ci jdk.graal.compiler jdk.graal.compiler.management jdk.hotspot.agent jdk.httpserver jdk.incubator.vector jdk.internal.le jdk.internal.md jdk.jartool jdk.javadoc jdk.jcmd jdk.management jdk.management.agent jdk.jconsole jdk.jdeps jdk.jdwp.agent jdk.jdi jdk.jfr jdk.jlink jdk.jpackage jdk.jshell jdk.jsobject jdk.jstatd jdk.localedata jdk.management.jfr jdk.naming.dns jdk.naming.rmi jdk.net jdk.nio.mapmode jdk.sctp jdk.security.auth jdk.security.jgss jdk.unsupported jdk.unsupported.desktop jdk.xml.dom" 
OS_ARCH="x86_64" 
OS_NAME="Windows" 
SOURCE=".:git:49d6a23b8806 open:git:6c48f4ed707b" 

Environment Variables:
PATH=C:/Users/mts18/eclipse//plugins/org.eclipse.justj.openjdk.hotspot.jre.full.win32.x86_64_21.0.8.v20250724-1412/jre/bin/server;C:/Users/mts18/eclipse//plugins/org.eclipse.justj.openjdk.hotspot.jre.full.win32.x86_64_21.0.8.v20250724-1412/jre/bin;C:\Program Files\Common Files\Oracle\Java\javapath;C:\Program Files\Alacritty\;C:\VulkanSDK\1.4.304.0\Bin;C:\Program Files (x86)\Common Files\Oracle\Java\java8path;C:\Program Files (x86)\Common Files\Oracle\Java\javapath;C:\WINDOWS\system32;C:\WINDOWS;C:\WINDOWS\System32\Wbem;C:\WINDOWS\System32\WindowsPowerShell\v1.0\;C:\WINDOWS\System32\OpenSSH\;C:\Program Files\dotnet\;C:\Program Files\Git\cmd;C:\Program Files\GitHub CLI\;C:\Program Files\Go\bin;C:\Program Files\Qalculate\;C:\Program Files (x86)\Yarn\bin\;C:\Program Files\nodejs\;C:\Program Files\Neovim\bin;C:\Program Files\Vim\vim91\;C:\Program Files (x86)\regolith\;C:\Program Files\qemu;C:\Program Files\Tup Build System\;C:\Program Files (x86)\Gpg4win\..\GnuPG\bin;C:\Program Files\PowerShell\7\;C:\Users\mts18\AppData\Local\Programs\Python\Python313\Scripts\;C:\Users\mts18\AppData\Local\Programs\Python\Python313\;C:\Users\mts18\AppData\Local\Microsoft\WindowsApps;C:\Users\mts18\go\bin;C:\Users\mts18\emsdk\upstream\emscripten\;C:\Users\mts18\AppData\Local\Microsoft\WinGet\Links;C:\Users\mts18\AppData\Local\Yarn\bin;C:\Users\mts18\AppData\Roaming\npm;C:\Users\mts18\Appdata\Local\Programs\premake5;C:\Users\mts18\cc65\bin;;C:\Users\mts18\eclipse;
USERNAME=hz7
OS=Windows_NT
PROCESSOR_IDENTIFIER=Intel64 Family 6 Model 154 Stepping 4, GenuineIntel
TMP=C:\Users\mts18\AppData\Local\Temp
TEMP=C:\Users\mts18\AppData\Local\Temp




Compilation memory statistics disabled.

Periodic native trim disabled

---------------  S Y S T E M  ---------------

OS:
 Windows 11 , 64 bit Build 26100 (10.0.26100.7309)
OS uptime: 1 days 7:05 hours
Hyper-V role detected

CPU: total 12 (initial active 12) (6 cores per cpu, 2 threads per core) family 6 model 154 stepping 4 microcode 0x437, cx8, cmov, fxsr, ht, mmx, 3dnowpref, sse, sse2, sse3, ssse3, sse4.1, sse4.2, popcnt, lzcnt, tsc, tscinvbit, avx, avx2, aes, erms, clmul, bmi1, bmi2, adx, sha, fma, vzeroupper, clflush, clflushopt, clwb, hv, serialize, rdtscp, rdpid, fsrm, gfni, f16c, cet_ibt, cet_ss
Processor Information for processor 0
  Max Mhz: 1300, Current Mhz: 975, Mhz Limit: 1300
Processor Information for processor 1
  Max Mhz: 1300, Current Mhz: 975, Mhz Limit: 1300
Processor Information for processor 2
  Max Mhz: 1300, Current Mhz: 975, Mhz Limit: 1300
Processor Information for processor 3
  Max Mhz: 1300, Current Mhz: 975, Mhz Limit: 1300
Processor Information for processor 4
  Max Mhz: 1300, Current Mhz: 1300, Mhz Limit: 1300
Processor Information for processor 5
  Max Mhz: 1300, Current Mhz: 1300, Mhz Limit: 1300
Processor Information for processor 6
  Max Mhz: 1300, Current Mhz: 1300, Mhz Limit: 1300
Processor Information for processor 7
  Max Mhz: 1300, Current Mhz: 1300, Mhz Limit: 1300
Processor Information for processor 8
  Max Mhz: 1300, Current Mhz: 1300, Mhz Limit: 1300
Processor Information for processor 9
  Max Mhz: 1300, Current Mhz: 1300, Mhz Limit: 1300
Processor Information for processor 10
  Max Mhz: 1300, Current Mhz: 1300, Mhz Limit: 1300
Processor Information for processor 11
  Max Mhz: 1300, Current Mhz: 1300, Mhz Limit: 1300

Memory: 4k page, system-wide physical 7876M (928M free)
TotalPageFile size 23236M (AvailPageFile size 10204M)
current process WorkingSet (physical memory assigned to process): 180M, peak: 188M
current process commit charge ("private bytes"): 287M, peak: 297M

vm_info: Java HotSpot(TM) 64-Bit Server VM (25+37-LTS-3491) for windows-amd64 JRE (25+37-LTS-3491), built on 2025-08-14T21:13:00Z with unknown MS VC++:1943

END.
